<?xml version="1.0" encoding="ISO-8859-1" ?>
<link_info>
   <banner>MSP430 Linker PC v18.1.3.LTS</banner>
   <copyright>Copyright (c) 2003-2017 Texas Instruments Incorporated</copyright>
   <link_time>0x5e5f28c5</link_time>
   <link_errors>0x0</link_errors>
   <output_file>Sensor_ajustado.out</output_file>
   <entry_point>
      <name>_c_int00_noargs</name>
      <address>0xfb7c</address>
   </entry_point>
   <input_file_list>
      <input_file id="fl-2">
         <path>.\</path>
         <kind>object</kind>
         <file>main.obj</file>
         <name>main.obj</name>
      </input_file>
      <input_file id="fl-7">
         <kind>object</kind>
         <file>&lt;internal&gt;</file>
         <name>&lt;internal&gt;</name>
      </input_file>
      <input_file id="fl-1d">
         <path>C:\ti\ccsv8\tools\compiler\ti-cgt-msp430_18.1.3.LTS\lib\</path>
         <kind>archive</kind>
         <file>rts430_eabi.lib</file>
         <name>s_rint.c.obj</name>
      </input_file>
      <input_file id="fl-1e">
         <path>C:\ti\ccsv8\tools\compiler\ti-cgt-msp430_18.1.3.LTS\lib\</path>
         <kind>archive</kind>
         <file>rts430_eabi.lib</file>
         <name>asr16.asm.obj</name>
      </input_file>
      <input_file id="fl-1f">
         <path>C:\ti\ccsv8\tools\compiler\ti-cgt-msp430_18.1.3.LTS\lib\</path>
         <kind>archive</kind>
         <file>rts430_eabi.lib</file>
         <name>asr32.asm.obj</name>
      </input_file>
      <input_file id="fl-20">
         <path>C:\ti\ccsv8\tools\compiler\ti-cgt-msp430_18.1.3.LTS\lib\</path>
         <kind>archive</kind>
         <file>rts430_eabi.lib</file>
         <name>div16s.asm.obj</name>
      </input_file>
      <input_file id="fl-21">
         <path>C:\ti\ccsv8\tools\compiler\ti-cgt-msp430_18.1.3.LTS\lib\</path>
         <kind>archive</kind>
         <file>rts430_eabi.lib</file>
         <name>div16u.asm.obj</name>
      </input_file>
      <input_file id="fl-22">
         <path>C:\ti\ccsv8\tools\compiler\ti-cgt-msp430_18.1.3.LTS\lib\</path>
         <kind>archive</kind>
         <file>rts430_eabi.lib</file>
         <name>div32u.asm.obj</name>
      </input_file>
      <input_file id="fl-23">
         <path>C:\ti\ccsv8\tools\compiler\ti-cgt-msp430_18.1.3.LTS\lib\</path>
         <kind>archive</kind>
         <file>rts430_eabi.lib</file>
         <name>epilog.asm.obj</name>
      </input_file>
      <input_file id="fl-24">
         <path>C:\ti\ccsv8\tools\compiler\ti-cgt-msp430_18.1.3.LTS\lib\</path>
         <kind>archive</kind>
         <file>rts430_eabi.lib</file>
         <name>fs_add.asm.obj</name>
      </input_file>
      <input_file id="fl-25">
         <path>C:\ti\ccsv8\tools\compiler\ti-cgt-msp430_18.1.3.LTS\lib\</path>
         <kind>archive</kind>
         <file>rts430_eabi.lib</file>
         <name>fs_cmp.asm.obj</name>
      </input_file>
      <input_file id="fl-26">
         <path>C:\ti\ccsv8\tools\compiler\ti-cgt-msp430_18.1.3.LTS\lib\</path>
         <kind>archive</kind>
         <file>rts430_eabi.lib</file>
         <name>fs_div.asm.obj</name>
      </input_file>
      <input_file id="fl-27">
         <path>C:\ti\ccsv8\tools\compiler\ti-cgt-msp430_18.1.3.LTS\lib\</path>
         <kind>archive</kind>
         <file>rts430_eabi.lib</file>
         <name>fs_itof.asm.obj</name>
      </input_file>
      <input_file id="fl-28">
         <path>C:\ti\ccsv8\tools\compiler\ti-cgt-msp430_18.1.3.LTS\lib\</path>
         <kind>archive</kind>
         <file>rts430_eabi.lib</file>
         <name>fs_mpy.asm.obj</name>
      </input_file>
      <input_file id="fl-29">
         <path>C:\ti\ccsv8\tools\compiler\ti-cgt-msp430_18.1.3.LTS\lib\</path>
         <kind>archive</kind>
         <file>rts430_eabi.lib</file>
         <name>int00.asm.obj</name>
      </input_file>
      <input_file id="fl-2a">
         <path>C:\ti\ccsv8\tools\compiler\ti-cgt-msp430_18.1.3.LTS\lib\</path>
         <kind>archive</kind>
         <file>rts430_eabi.lib</file>
         <name>int02.asm.obj</name>
      </input_file>
      <input_file id="fl-2b">
         <path>C:\ti\ccsv8\tools\compiler\ti-cgt-msp430_18.1.3.LTS\lib\</path>
         <kind>archive</kind>
         <file>rts430_eabi.lib</file>
         <name>int03.asm.obj</name>
      </input_file>
      <input_file id="fl-2c">
         <path>C:\ti\ccsv8\tools\compiler\ti-cgt-msp430_18.1.3.LTS\lib\</path>
         <kind>archive</kind>
         <file>rts430_eabi.lib</file>
         <name>int08.asm.obj</name>
      </input_file>
      <input_file id="fl-2d">
         <path>C:\ti\ccsv8\tools\compiler\ti-cgt-msp430_18.1.3.LTS\lib\</path>
         <kind>archive</kind>
         <file>rts430_eabi.lib</file>
         <name>int09.asm.obj</name>
      </input_file>
      <input_file id="fl-2e">
         <path>C:\ti\ccsv8\tools\compiler\ti-cgt-msp430_18.1.3.LTS\lib\</path>
         <kind>archive</kind>
         <file>rts430_eabi.lib</file>
         <name>int11.asm.obj</name>
      </input_file>
      <input_file id="fl-2f">
         <path>C:\ti\ccsv8\tools\compiler\ti-cgt-msp430_18.1.3.LTS\lib\</path>
         <kind>archive</kind>
         <file>rts430_eabi.lib</file>
         <name>int12.asm.obj</name>
      </input_file>
      <input_file id="fl-30">
         <path>C:\ti\ccsv8\tools\compiler\ti-cgt-msp430_18.1.3.LTS\lib\</path>
         <kind>archive</kind>
         <file>rts430_eabi.lib</file>
         <name>int14.asm.obj</name>
      </input_file>
      <input_file id="fl-31">
         <path>C:\ti\ccsv8\tools\compiler\ti-cgt-msp430_18.1.3.LTS\lib\</path>
         <kind>archive</kind>
         <file>rts430_eabi.lib</file>
         <name>isr_trap.asm.obj</name>
      </input_file>
      <input_file id="fl-32">
         <path>C:\ti\ccsv8\tools\compiler\ti-cgt-msp430_18.1.3.LTS\lib\</path>
         <kind>archive</kind>
         <file>rts430_eabi.lib</file>
         <name>lsl16.asm.obj</name>
      </input_file>
      <input_file id="fl-33">
         <path>C:\ti\ccsv8\tools\compiler\ti-cgt-msp430_18.1.3.LTS\lib\</path>
         <kind>archive</kind>
         <file>rts430_eabi.lib</file>
         <name>lsr16.asm.obj</name>
      </input_file>
      <input_file id="fl-34">
         <path>C:\ti\ccsv8\tools\compiler\ti-cgt-msp430_18.1.3.LTS\lib\</path>
         <kind>archive</kind>
         <file>rts430_eabi.lib</file>
         <name>lsr32.asm.obj</name>
      </input_file>
      <input_file id="fl-35">
         <path>C:\ti\ccsv8\tools\compiler\ti-cgt-msp430_18.1.3.LTS\lib\</path>
         <kind>archive</kind>
         <file>rts430_eabi.lib</file>
         <name>mult16.asm.obj</name>
      </input_file>
      <input_file id="fl-36">
         <path>C:\ti\ccsv8\tools\compiler\ti-cgt-msp430_18.1.3.LTS\lib\</path>
         <kind>archive</kind>
         <file>rts430_eabi.lib</file>
         <name>mult32.asm.obj</name>
      </input_file>
      <input_file id="fl-37">
         <path>C:\ti\ccsv8\tools\compiler\ti-cgt-msp430_18.1.3.LTS\lib\</path>
         <kind>archive</kind>
         <file>rts430_eabi.lib</file>
         <name>boot.c.obj</name>
      </input_file>
      <input_file id="fl-38">
         <path>C:\ti\ccsv8\tools\compiler\ti-cgt-msp430_18.1.3.LTS\lib\</path>
         <kind>archive</kind>
         <file>rts430_eabi.lib</file>
         <name>autoinit.c.obj</name>
      </input_file>
      <input_file id="fl-39">
         <path>C:\ti\ccsv8\tools\compiler\ti-cgt-msp430_18.1.3.LTS\lib\</path>
         <kind>archive</kind>
         <file>rts430_eabi.lib</file>
         <name>copy_zero_init.c.obj</name>
      </input_file>
      <input_file id="fl-3a">
         <path>C:\ti\ccsv8\tools\compiler\ti-cgt-msp430_18.1.3.LTS\lib\</path>
         <kind>archive</kind>
         <file>rts430_eabi.lib</file>
         <name>cpy_tbl.c.obj</name>
      </input_file>
      <input_file id="fl-3b">
         <path>C:\ti\ccsv8\tools\compiler\ti-cgt-msp430_18.1.3.LTS\lib\</path>
         <kind>archive</kind>
         <file>rts430_eabi.lib</file>
         <name>mpu_init.c.obj</name>
      </input_file>
      <input_file id="fl-3c">
         <path>C:\ti\ccsv8\tools\compiler\ti-cgt-msp430_18.1.3.LTS\lib\</path>
         <kind>archive</kind>
         <file>rts430_eabi.lib</file>
         <name>lsr64.c.obj</name>
      </input_file>
      <input_file id="fl-3d">
         <path>C:\ti\ccsv8\tools\compiler\ti-cgt-msp430_18.1.3.LTS\lib\</path>
         <kind>archive</kind>
         <file>rts430_eabi.lib</file>
         <name>pre_init.c.obj</name>
      </input_file>
      <input_file id="fl-3e">
         <path>C:\ti\ccsv8\tools\compiler\ti-cgt-msp430_18.1.3.LTS\lib\</path>
         <kind>archive</kind>
         <file>rts430_eabi.lib</file>
         <name>startup.c.obj</name>
      </input_file>
      <input_file id="fl-3f">
         <path>C:\ti\ccsv8\tools\compiler\ti-cgt-msp430_18.1.3.LTS\lib\</path>
         <kind>archive</kind>
         <file>rts430_eabi.lib</file>
         <name>copy_decompress_none.c.obj</name>
      </input_file>
      <input_file id="fl-40">
         <path>C:\ti\ccsv8\tools\compiler\ti-cgt-msp430_18.1.3.LTS\lib\</path>
         <kind>archive</kind>
         <file>rts430_eabi.lib</file>
         <name>copy_decompress_lzss.c.obj</name>
      </input_file>
      <input_file id="fl-41">
         <path>C:\ti\ccsv8\tools\compiler\ti-cgt-msp430_18.1.3.LTS\lib\</path>
         <kind>archive</kind>
         <file>rts430_eabi.lib</file>
         <name>cvtdf.c.obj</name>
      </input_file>
      <input_file id="fl-42">
         <path>C:\ti\ccsv8\tools\compiler\ti-cgt-msp430_18.1.3.LTS\lib\</path>
         <kind>archive</kind>
         <file>rts430_eabi.lib</file>
         <name>addd.c.obj</name>
      </input_file>
      <input_file id="fl-43">
         <path>C:\ti\ccsv8\tools\compiler\ti-cgt-msp430_18.1.3.LTS\lib\</path>
         <kind>archive</kind>
         <file>rts430_eabi.lib</file>
         <name>cmpd.c.obj</name>
      </input_file>
      <input_file id="fl-44">
         <path>C:\ti\ccsv8\tools\compiler\ti-cgt-msp430_18.1.3.LTS\lib\</path>
         <kind>archive</kind>
         <file>rts430_eabi.lib</file>
         <name>cvtfd.c.obj</name>
      </input_file>
      <input_file id="fl-45">
         <path>C:\ti\ccsv8\tools\compiler\ti-cgt-msp430_18.1.3.LTS\lib\</path>
         <kind>archive</kind>
         <file>rts430_eabi.lib</file>
         <name>divd.c.obj</name>
      </input_file>
      <input_file id="fl-46">
         <path>C:\ti\ccsv8\tools\compiler\ti-cgt-msp430_18.1.3.LTS\lib\</path>
         <kind>archive</kind>
         <file>rts430_eabi.lib</file>
         <name>fixdi.c.obj</name>
      </input_file>
      <input_file id="fl-47">
         <path>C:\ti\ccsv8\tools\compiler\ti-cgt-msp430_18.1.3.LTS\lib\</path>
         <kind>archive</kind>
         <file>rts430_eabi.lib</file>
         <name>fixdli.c.obj</name>
      </input_file>
      <input_file id="fl-48">
         <path>C:\ti\ccsv8\tools\compiler\ti-cgt-msp430_18.1.3.LTS\lib\</path>
         <kind>archive</kind>
         <file>rts430_eabi.lib</file>
         <name>fltid.c.obj</name>
      </input_file>
      <input_file id="fl-49">
         <path>C:\ti\ccsv8\tools\compiler\ti-cgt-msp430_18.1.3.LTS\lib\</path>
         <kind>archive</kind>
         <file>rts430_eabi.lib</file>
         <name>fltlid.c.obj</name>
      </input_file>
      <input_file id="fl-4a">
         <path>C:\ti\ccsv8\tools\compiler\ti-cgt-msp430_18.1.3.LTS\lib\</path>
         <kind>archive</kind>
         <file>rts430_eabi.lib</file>
         <name>fltud.c.obj</name>
      </input_file>
      <input_file id="fl-4b">
         <path>C:\ti\ccsv8\tools\compiler\ti-cgt-msp430_18.1.3.LTS\lib\</path>
         <kind>archive</kind>
         <file>rts430_eabi.lib</file>
         <name>fltuld.c.obj</name>
      </input_file>
      <input_file id="fl-4c">
         <path>C:\ti\ccsv8\tools\compiler\ti-cgt-msp430_18.1.3.LTS\lib\</path>
         <kind>archive</kind>
         <file>rts430_eabi.lib</file>
         <name>frcaddd.c.obj</name>
      </input_file>
      <input_file id="fl-4d">
         <path>C:\ti\ccsv8\tools\compiler\ti-cgt-msp430_18.1.3.LTS\lib\</path>
         <kind>archive</kind>
         <file>rts430_eabi.lib</file>
         <name>frcdivd.c.obj</name>
      </input_file>
      <input_file id="fl-4e">
         <path>C:\ti\ccsv8\tools\compiler\ti-cgt-msp430_18.1.3.LTS\lib\</path>
         <kind>archive</kind>
         <file>rts430_eabi.lib</file>
         <name>mpyd.c.obj</name>
      </input_file>
      <input_file id="fl-4f">
         <path>C:\ti\ccsv8\tools\compiler\ti-cgt-msp430_18.1.3.LTS\lib\</path>
         <kind>archive</kind>
         <file>rts430_eabi.lib</file>
         <name>renormd.c.obj</name>
      </input_file>
      <input_file id="fl-50">
         <path>C:\ti\ccsv8\tools\compiler\ti-cgt-msp430_18.1.3.LTS\lib\</path>
         <kind>archive</kind>
         <file>rts430_eabi.lib</file>
         <name>subd.c.obj</name>
      </input_file>
      <input_file id="fl-51">
         <path>C:\ti\ccsv8\tools\compiler\ti-cgt-msp430_18.1.3.LTS\lib\</path>
         <kind>archive</kind>
         <file>rts430_eabi.lib</file>
         <name>exit.c.obj</name>
      </input_file>
      <input_file id="fl-52">
         <path>C:\ti\ccsv8\tools\compiler\ti-cgt-msp430_18.1.3.LTS\lib\</path>
         <kind>archive</kind>
         <file>rts430_eabi.lib</file>
         <name>_lock.c.obj</name>
      </input_file>
      <input_file id="fl-53">
         <path>C:\ti\ccsv8\tools\compiler\ti-cgt-msp430_18.1.3.LTS\lib\</path>
         <kind>archive</kind>
         <file>rts430_eabi.lib</file>
         <name>args_main.c.obj</name>
      </input_file>
      <input_file id="fl-54">
         <path>C:\ti\ccsv8\tools\compiler\ti-cgt-msp430_18.1.3.LTS\lib\</path>
         <kind>archive</kind>
         <file>rts430_eabi.lib</file>
         <name>localtim.c.obj</name>
      </input_file>
      <input_file id="fl-55">
         <path>C:\ti\ccsv8\tools\compiler\ti-cgt-msp430_18.1.3.LTS\lib\</path>
         <kind>archive</kind>
         <file>rts430_eabi.lib</file>
         <name>memcpy.c.obj</name>
      </input_file>
      <input_file id="fl-56">
         <path>C:\ti\ccsv8\tools\compiler\ti-cgt-msp430_18.1.3.LTS\lib\</path>
         <kind>archive</kind>
         <file>rts430_eabi.lib</file>
         <name>mktime.c.obj</name>
      </input_file>
      <input_file id="fl-57">
         <path>C:\ti\ccsv8\tools\compiler\ti-cgt-msp430_18.1.3.LTS\lib\</path>
         <kind>archive</kind>
         <file>rts430_eabi.lib</file>
         <name>strtol.c.obj</name>
      </input_file>
      <input_file id="fl-58">
         <path>C:\ti\ccsv8\tools\compiler\ti-cgt-msp430_18.1.3.LTS\lib\</path>
         <kind>archive</kind>
         <file>rts430_eabi.lib</file>
         <name>tmzone.c.obj</name>
      </input_file>
      <input_file id="fl-59">
         <path>C:\ti\ccsv8\tools\compiler\ti-cgt-msp430_18.1.3.LTS\lib\</path>
         <kind>archive</kind>
         <file>rts430_eabi.lib</file>
         <name>div32s.asm.obj</name>
      </input_file>
      <input_file id="fl-5a">
         <path>C:\ti\ccsv8\tools\compiler\ti-cgt-msp430_18.1.3.LTS\lib\</path>
         <kind>archive</kind>
         <file>rts430_eabi.lib</file>
         <name>lsl32.asm.obj</name>
      </input_file>
      <input_file id="fl-5b">
         <path>C:\ti\ccsv8\tools\compiler\ti-cgt-msp430_18.1.3.LTS\lib\</path>
         <kind>archive</kind>
         <file>rts430_eabi.lib</file>
         <name>exit_gvars.c.obj</name>
      </input_file>
      <input_file id="fl-5c">
         <path>C:\ti\ccsv8\tools\compiler\ti-cgt-msp430_18.1.3.LTS\lib\</path>
         <kind>archive</kind>
         <file>rts430_eabi.lib</file>
         <name>rem64s.c.obj</name>
      </input_file>
      <input_file id="fl-5d">
         <path>C:\ti\ccsv8\tools\compiler\ti-cgt-msp430_18.1.3.LTS\lib\</path>
         <kind>archive</kind>
         <file>rts430_eabi.lib</file>
         <name>frcmpyd.c.obj</name>
      </input_file>
      <input_file id="fl-5e">
         <path>C:\ti\ccsv8\tools\compiler\ti-cgt-msp430_18.1.3.LTS\lib\</path>
         <kind>archive</kind>
         <file>rts430_eabi.lib</file>
         <name>errno.c.obj</name>
      </input_file>
      <input_file id="fl-5f">
         <path>C:\ti\ccsv8\tools\compiler\ti-cgt-msp430_18.1.3.LTS\lib\</path>
         <kind>archive</kind>
         <file>rts430_eabi.lib</file>
         <name>ctype.c.obj</name>
      </input_file>
      <input_file id="fl-60">
         <path>C:\ti\ccsv8\tools\compiler\ti-cgt-msp430_18.1.3.LTS\lib\</path>
         <kind>archive</kind>
         <file>rts430_eabi.lib</file>
         <name>mult64.asm.obj</name>
      </input_file>
      <input_file id="fl-61">
         <path>C:\ti\ccsv8\tools\compiler\ti-cgt-msp430_18.1.3.LTS\lib\</path>
         <kind>archive</kind>
         <file>rts430_eabi.lib</file>
         <name>div64s.c.obj</name>
      </input_file>
      <input_file id="fl-62">
         <path>C:\ti\ccsv8\tools\compiler\ti-cgt-msp430_18.1.3.LTS\lib\</path>
         <kind>archive</kind>
         <file>rts430_eabi.lib</file>
         <name>div64u.c.obj</name>
      </input_file>
      <input_file id="fl-63">
         <path>C:\ti\ccsv8\tools\compiler\ti-cgt-msp430_18.1.3.LTS\lib\</path>
         <kind>archive</kind>
         <file>rts430_eabi.lib</file>
         <name>llabs.c.obj</name>
      </input_file>
      <input_file id="fl-64">
         <path>C:\ti\ccsv8\tools\compiler\ti-cgt-msp430_18.1.3.LTS\lib\</path>
         <kind>archive</kind>
         <file>rts430_eabi.lib</file>
         <name>mult1632.asm.obj</name>
      </input_file>
      <input_file id="fl-65">
         <path>C:\ti\ccsv8\tools\compiler\ti-cgt-msp430_18.1.3.LTS\lib\</path>
         <kind>archive</kind>
         <file>rts430_eabi.lib</file>
         <name>asr64.c.obj</name>
      </input_file>
      <input_file id="fl-66">
         <path>C:\ti\ccsv8\tools\compiler\ti-cgt-msp430_18.1.3.LTS\lib\</path>
         <kind>archive</kind>
         <file>rts430_eabi.lib</file>
         <name>lsl64.c.obj</name>
      </input_file>
   </input_file_list>
   <object_component_list>
      <object_component id="oc-3ce">
         <name>.common:ts</name>
         <uninitialized>true</uninitialized>
         <run_address>0x242</run_address>
         <size>0x12</size>
      </object_component>
      <object_component id="oc-15a">
         <name>.common:BUFFER_RX_UART</name>
         <uninitialized>true</uninitialized>
         <run_address>0x254</run_address>
         <size>0xc</size>
      </object_component>
      <object_component id="oc-2f8">
         <name>.common:res</name>
         <uninitialized>true</uninitialized>
         <run_address>0x268</run_address>
         <size>0x2</size>
      </object_component>
      <object_component id="oc-2b6">
         <name>.common:FIELD_MAG_1</name>
         <uninitialized>true</uninitialized>
         <run_address>0x260</run_address>
         <size>0x4</size>
      </object_component>
      <object_component id="oc-2b7">
         <name>.common:FIELD_MAG_2</name>
         <uninitialized>true</uninitialized>
         <run_address>0x264</run_address>
         <size>0x4</size>
      </object_component>
      <object_component id="oc-1cd">
         <name>.data:datos</name>
         <load_address>0x236</load_address>
         <run_address>0x236</run_address>
         <size>0xa</size>
         <input_file_ref idref="fl-2"/>
      </object_component>
      <object_component id="oc-157">
         <name>.data</name>
         <load_address>0x200</load_address>
         <run_address>0x200</run_address>
         <size>0x16</size>
         <input_file_ref idref="fl-2"/>
      </object_component>
      <object_component id="oc-443">
         <name>.data:local_tm</name>
         <load_address>0x216</load_address>
         <run_address>0x216</run_address>
         <size>0x12</size>
         <input_file_ref idref="fl-54"/>
      </object_component>
      <object_component id="oc-43b">
         <name>.data:_tz</name>
         <load_address>0x228</load_address>
         <run_address>0x228</run_address>
         <size>0xe</size>
         <input_file_ref idref="fl-58"/>
      </object_component>
      <object_component id="oc-458">
         <name>.data</name>
         <load_address>0x240</load_address>
         <run_address>0x240</run_address>
         <size>0x2</size>
         <input_file_ref idref="fl-5e"/>
      </object_component>
      <object_component id="oc-b1">
         <name>.stack</name>
         <uninitialized>true</uninitialized>
         <run_address>0x3b0</run_address>
         <size>0x2</size>
         <input_file_ref idref="fl-37"/>
      </object_component>
      <object_component id="oc-52c">
         <name>.stack</name>
         <uninitialized>true</uninitialized>
         <run_address>0x3b0</run_address>
         <size>0x0</size>
      </object_component>
      <object_component id="oc-200">
         <name>.text:CALCULATE_MEASUREMENT</name>
         <load_address>0xc000</load_address>
         <run_address>0xc000</run_address>
         <size>0x682</size>
         <input_file_ref idref="fl-2"/>
      </object_component>
      <object_component id="oc-350">
         <name>.text:__TI_frcdivd</name>
         <load_address>0xc682</load_address>
         <run_address>0xc682</run_address>
         <size>0x478</size>
         <input_file_ref idref="fl-4d"/>
      </object_component>
      <object_component id="oc-446">
         <name>.text:__mktime32</name>
         <load_address>0xcafa</load_address>
         <run_address>0xcafa</run_address>
         <size>0x380</size>
         <input_file_ref idref="fl-56"/>
      </object_component>
      <object_component id="oc-4c2">
         <name>.text:__mspabi_divull</name>
         <load_address>0xce7a</load_address>
         <run_address>0xce7a</run_address>
         <size>0x360</size>
         <input_file_ref idref="fl-62"/>
      </object_component>
      <object_component id="oc-2a4">
         <name>.text:__mspabi_addd</name>
         <load_address>0xd1da</load_address>
         <run_address>0xd1da</run_address>
         <size>0x2fa</size>
         <input_file_ref idref="fl-42"/>
      </object_component>
      <object_component id="oc-2dd">
         <name>.text:rint</name>
         <load_address>0xd4d4</load_address>
         <run_address>0xd4d4</run_address>
         <size>0x2b4</size>
         <input_file_ref idref="fl-1d"/>
      </object_component>
      <object_component id="oc-370">
         <name>.text:__TI_frcmpyd</name>
         <load_address>0xd788</load_address>
         <run_address>0xd788</run_address>
         <size>0x286</size>
         <input_file_ref idref="fl-5d"/>
      </object_component>
      <object_component id="oc-294">
         <name>.text:__mspabi_mpyd</name>
         <load_address>0xda0e</load_address>
         <run_address>0xda0e</run_address>
         <size>0x26e</size>
         <input_file_ref idref="fl-4e"/>
      </object_component>
      <object_component id="oc-37e">
         <name>.text:__TI_frcaddd</name>
         <load_address>0xdc7c</load_address>
         <run_address>0xdc7c</run_address>
         <size>0x260</size>
         <input_file_ref idref="fl-4c"/>
      </object_component>
      <object_component id="oc-27c">
         <name>.text:__mspabi_divd</name>
         <load_address>0xdedc</load_address>
         <run_address>0xdedc</run_address>
         <size>0x238</size>
         <input_file_ref idref="fl-45"/>
      </object_component>
      <object_component id="oc-3db">
         <name>.text:strtol</name>
         <load_address>0xe114</load_address>
         <run_address>0xe114</run_address>
         <size>0x212</size>
         <input_file_ref idref="fl-57"/>
      </object_component>
      <object_component id="oc-3c8">
         <name>.text:__localtime32</name>
         <load_address>0xe326</load_address>
         <run_address>0xe326</run_address>
         <size>0x1bc</size>
         <input_file_ref idref="fl-54"/>
      </object_component>
      <object_component id="oc-20c">
         <name>.text:TX_RADIO_WISOL</name>
         <load_address>0xe4e2</load_address>
         <run_address>0xe4e2</run_address>
         <size>0x190</size>
         <input_file_ref idref="fl-2"/>
      </object_component>
      <object_component id="oc-4a3">
         <name>.text:__mspabi_divlli</name>
         <load_address>0xe672</load_address>
         <run_address>0xe672</run_address>
         <size>0x148</size>
         <input_file_ref idref="fl-61"/>
      </object_component>
      <object_component id="oc-2bd">
         <name>.text</name>
         <load_address>0xe7ba</load_address>
         <run_address>0xe7ba</run_address>
         <size>0x132</size>
         <input_file_ref idref="fl-24"/>
      </object_component>
      <object_component id="oc-4a9">
         <name>.text:__mpyll</name>
         <load_address>0xe8ec</load_address>
         <run_address>0xe8ec</run_address>
         <size>0x114</size>
         <input_file_ref idref="fl-60"/>
      </object_component>
      <object_component id="oc-2c8">
         <name>.text:__mspabi_cmpd</name>
         <load_address>0xea00</load_address>
         <run_address>0xea00</run_address>
         <size>0xdc</size>
         <input_file_ref idref="fl-43"/>
      </object_component>
      <object_component id="oc-2d8">
         <name>.text</name>
         <load_address>0xeadc</load_address>
         <run_address>0xeadc</run_address>
         <size>0xc4</size>
         <input_file_ref idref="fl-28"/>
      </object_component>
      <object_component id="oc-30c">
         <name>.text:PUT_SEQUENCE_AND_COUNTRY_UTC_NUMBER</name>
         <load_address>0xeba0</load_address>
         <run_address>0xeba0</run_address>
         <size>0xc0</size>
         <input_file_ref idref="fl-2"/>
      </object_component>
      <object_component id="oc-41d">
         <name>.text:__TI_renormd</name>
         <load_address>0xec60</load_address>
         <run_address>0xec60</run_address>
         <size>0xbe</size>
         <input_file_ref idref="fl-4f"/>
      </object_component>
      <object_component id="oc-300">
         <name>.text:PUT_TIME</name>
         <load_address>0xed1e</load_address>
         <run_address>0xed1e</run_address>
         <size>0xb8</size>
         <input_file_ref idref="fl-2"/>
      </object_component>
      <object_component id="oc-16e">
         <name>.text:main</name>
         <load_address>0xedd6</load_address>
         <run_address>0xedd6</run_address>
         <size>0xb4</size>
         <input_file_ref idref="fl-2"/>
      </object_component>
      <object_component id="oc-364">
         <name>.text:__mspabi_fltlid</name>
         <load_address>0xee8a</load_address>
         <run_address>0xee8a</run_address>
         <size>0xac</size>
         <input_file_ref idref="fl-49"/>
      </object_component>
      <object_component id="oc-2d3">
         <name>.text</name>
         <load_address>0xef36</load_address>
         <run_address>0xef36</run_address>
         <size>0x9c</size>
         <input_file_ref idref="fl-26"/>
      </object_component>
      <object_component id="oc-2b0">
         <name>.text:__mspabi_cvtdf</name>
         <load_address>0xefd2</load_address>
         <run_address>0xefd2</run_address>
         <size>0x8c</size>
         <input_file_ref idref="fl-41"/>
      </object_component>
      <object_component id="oc-2e3">
         <name>.text:CHOICE_VALOR</name>
         <load_address>0xf05e</load_address>
         <run_address>0xf05e</run_address>
         <size>0x8a</size>
         <input_file_ref idref="fl-2"/>
      </object_component>
      <object_component id="oc-349">
         <name>.text:__mspabi_fltuld</name>
         <load_address>0xf0e8</load_address>
         <run_address>0xf0e8</run_address>
         <size>0x8a</size>
         <input_file_ref idref="fl-4b"/>
      </object_component>
      <object_component id="oc-1fa">
         <name>.text:CHECK_DISCONNECT</name>
         <load_address>0xf172</load_address>
         <run_address>0xf172</run_address>
         <size>0x88</size>
         <input_file_ref idref="fl-2"/>
      </object_component>
      <object_component id="oc-2f9">
         <name>.text:itoa</name>
         <load_address>0xf1fa</load_address>
         <run_address>0xf1fa</run_address>
         <size>0x86</size>
         <input_file_ref idref="fl-2"/>
      </object_component>
      <object_component id="oc-206">
         <name>.text:CHECK_PERMISSIONS_TRANSMIT</name>
         <load_address>0xf280</load_address>
         <run_address>0xf280</run_address>
         <size>0x7e</size>
         <input_file_ref idref="fl-2"/>
      </object_component>
      <object_component id="oc-34">
         <name>.text:decompress:lzss:__TI_decompress_lzss</name>
         <load_address>0xf2fe</load_address>
         <run_address>0xf2fe</run_address>
         <size>0x7c</size>
         <input_file_ref idref="fl-40"/>
      </object_component>
      <object_component id="oc-2c2">
         <name>.text:__mspabi_cvtfd</name>
         <load_address>0xf37a</load_address>
         <run_address>0xf37a</run_address>
         <size>0x72</size>
         <input_file_ref idref="fl-44"/>
      </object_component>
      <object_component id="oc-35d">
         <name>.text:__mspabi_fixdli</name>
         <load_address>0xf3ec</load_address>
         <run_address>0xf3ec</run_address>
         <size>0x72</size>
         <input_file_ref idref="fl-47"/>
      </object_component>
      <object_component id="oc-3b9">
         <name>.text:LOOP_RELIABILITY</name>
         <load_address>0xf45e</load_address>
         <run_address>0xf45e</run_address>
         <size>0x70</size>
         <input_file_ref idref="fl-2"/>
      </object_component>
      <object_component id="oc-486">
         <name>.text:__mspabi_remlli</name>
         <load_address>0xf4ce</load_address>
         <run_address>0xf4ce</run_address>
         <size>0x5c</size>
         <input_file_ref idref="fl-5c"/>
      </object_component>
      <object_component id="oc-3ad">
         <name>.text:l_lsr_const</name>
         <load_address>0xf52a</load_address>
         <run_address>0xf52a</run_address>
         <size>0x5c</size>
         <input_file_ref idref="fl-34"/>
      </object_component>
      <object_component id="oc-3c2">
         <name>.text</name>
         <load_address>0xf586</load_address>
         <run_address>0xf586</run_address>
         <size>0x58</size>
         <input_file_ref idref="fl-22"/>
      </object_component>
      <object_component id="oc-f3">
         <name>.text:IntervalTimer</name>
         <load_address>0xf5de</load_address>
         <run_address>0xf5de</run_address>
         <size>0x52</size>
         <input_file_ref idref="fl-2"/>
      </object_component>
      <object_component id="oc-ba">
         <name>.text</name>
         <load_address>0xf630</load_address>
         <run_address>0xf630</run_address>
         <size>0x4c</size>
         <input_file_ref idref="fl-33"/>
      </object_component>
      <object_component id="oc-4b6">
         <name>.text:__mspabi_srall</name>
         <load_address>0xf67c</load_address>
         <run_address>0xf67c</run_address>
         <size>0x4a</size>
         <input_file_ref idref="fl-65"/>
      </object_component>
      <object_component id="oc-2b8">
         <name>.text</name>
         <load_address>0xf6c6</load_address>
         <run_address>0xf6c6</run_address>
         <size>0x4a</size>
         <input_file_ref idref="fl-25"/>
      </object_component>
      <object_component id="oc-1d6">
         <name>.text:voltOut</name>
         <load_address>0xf710</load_address>
         <run_address>0xf710</run_address>
         <size>0x4a</size>
         <input_file_ref idref="fl-2"/>
      </object_component>
      <object_component id="oc-4da">
         <name>.text:__mspabi_srlll</name>
         <load_address>0xf75a</load_address>
         <run_address>0xf75a</run_address>
         <size>0x46</size>
         <input_file_ref idref="fl-3c"/>
      </object_component>
      <object_component id="oc-ed">
         <name>.text:USCI0RX_ISR</name>
         <load_address>0xf7a0</load_address>
         <run_address>0xf7a0</run_address>
         <size>0x44</size>
         <input_file_ref idref="fl-2"/>
      </object_component>
      <object_component id="oc-4d4">
         <name>.text:__mspabi_sllll</name>
         <load_address>0xf7e4</load_address>
         <run_address>0xf7e4</run_address>
         <size>0x44</size>
         <input_file_ref idref="fl-66"/>
      </object_component>
      <object_component id="oc-22b">
         <name>.text:__TI_auto_init_nobinit_nopinit:__TI_auto_init_nobinit_nopinit</name>
         <load_address>0xf828</load_address>
         <run_address>0xf828</run_address>
         <size>0x42</size>
         <input_file_ref idref="fl-38"/>
      </object_component>
      <object_component id="oc-43e">
         <name>.text</name>
         <load_address>0xf86a</load_address>
         <run_address>0xf86a</run_address>
         <size>0x40</size>
         <input_file_ref idref="fl-59"/>
      </object_component>
      <object_component id="oc-390">
         <name>.text:l_asr_const</name>
         <load_address>0xf8aa</load_address>
         <run_address>0xf8aa</run_address>
         <size>0x3e</size>
         <input_file_ref idref="fl-1f"/>
      </object_component>
      <object_component id="oc-387">
         <name>.text:l_lsl_const</name>
         <load_address>0xf8e8</load_address>
         <run_address>0xf8e8</run_address>
         <size>0x3e</size>
         <input_file_ref idref="fl-5a"/>
      </object_component>
      <object_component id="oc-212">
         <name>.text:LOOP_CONNECTION_OK_INIT</name>
         <load_address>0xf926</load_address>
         <run_address>0xf926</run_address>
         <size>0x36</size>
         <input_file_ref idref="fl-2"/>
      </object_component>
      <object_component id="oc-2ce">
         <name>.text</name>
         <load_address>0xf95c</load_address>
         <run_address>0xf95c</run_address>
         <size>0x36</size>
         <input_file_ref idref="fl-27"/>
      </object_component>
      <object_component id="oc-1b5">
         <name>.text:UART_init</name>
         <load_address>0xf992</load_address>
         <run_address>0xf992</run_address>
         <size>0x32</size>
         <input_file_ref idref="fl-2"/>
      </object_component>
      <object_component id="oc-1c7">
         <name>.text:tempOut</name>
         <load_address>0xf9c4</load_address>
         <run_address>0xf9c4</run_address>
         <size>0x32</size>
         <input_file_ref idref="fl-2"/>
      </object_component>
      <object_component id="oc-2aa">
         <name>.text:__mspabi_subd</name>
         <load_address>0xf9f6</load_address>
         <run_address>0xf9f6</run_address>
         <size>0x2e</size>
         <input_file_ref idref="fl-50"/>
      </object_component>
      <object_component id="oc-36b">
         <name>.text</name>
         <load_address>0xfa24</load_address>
         <run_address>0xfa24</run_address>
         <size>0x2c</size>
         <input_file_ref idref="fl-1e"/>
      </object_component>
      <object_component id="oc-3cf">
         <name>.text</name>
         <load_address>0xfa50</load_address>
         <run_address>0xfa50</run_address>
         <size>0x2c</size>
         <input_file_ref idref="fl-20"/>
      </object_component>
      <object_component id="oc-b5">
         <name>.text</name>
         <load_address>0xfa7c</load_address>
         <run_address>0xfa7c</run_address>
         <size>0x2c</size>
         <input_file_ref idref="fl-32"/>
      </object_component>
      <object_component id="oc-282">
         <name>.text:__mspabi_fixdi</name>
         <load_address>0xfaa8</load_address>
         <run_address>0xfaa8</run_address>
         <size>0x28</size>
         <input_file_ref idref="fl-46"/>
      </object_component>
      <object_component id="oc-306">
         <name>.text:CHECK_RECEPTION_OK</name>
         <load_address>0xfad0</load_address>
         <run_address>0xfad0</run_address>
         <size>0x26</size>
         <input_file_ref idref="fl-2"/>
      </object_component>
      <object_component id="oc-268">
         <name>.text</name>
         <load_address>0xfaf6</load_address>
         <run_address>0xfaf6</run_address>
         <size>0x26</size>
         <input_file_ref idref="fl-36"/>
      </object_component>
      <object_component id="oc-4ca">
         <name>.text:__mpyul</name>
         <load_address>0xfb1c</load_address>
         <run_address>0xfb1c</run_address>
         <size>0x22</size>
         <input_file_ref idref="fl-64"/>
      </object_component>
      <object_component id="oc-2ec">
         <name>.text:printLn</name>
         <load_address>0xfb3e</load_address>
         <run_address>0xfb3e</run_address>
         <size>0x20</size>
         <input_file_ref idref="fl-2"/>
      </object_component>
      <object_component id="oc-218">
         <name>.text:SLEEP_WISOL_init</name>
         <load_address>0xfb5e</load_address>
         <run_address>0xfb5e</run_address>
         <size>0x1e</size>
         <input_file_ref idref="fl-2"/>
      </object_component>
      <object_component id="oc-111">
         <name>.text:_c_int00_noargs</name>
         <load_address>0xfb7c</load_address>
         <run_address>0xfb7c</run_address>
         <size>0x1c</size>
         <input_file_ref idref="fl-37"/>
      </object_component>
      <object_component id="oc-1dc">
         <name>.text:delay_seg</name>
         <load_address>0xfb98</load_address>
         <run_address>0xfb98</run_address>
         <size>0x1a</size>
         <input_file_ref idref="fl-2"/>
      </object_component>
      <object_component id="oc-1f4">
         <name>.text:gasOut2</name>
         <load_address>0xfbb2</load_address>
         <run_address>0xfbb2</run_address>
         <size>0x18</size>
         <input_file_ref idref="fl-2"/>
      </object_component>
      <object_component id="oc-1e8">
         <name>.text:gasOut</name>
         <load_address>0xfbca</load_address>
         <run_address>0xfbca</run_address>
         <size>0x16</size>
         <input_file_ref idref="fl-2"/>
      </object_component>
      <object_component id="oc-4bc">
         <name>.text:llabs</name>
         <load_address>0xfbe0</load_address>
         <run_address>0xfbe0</run_address>
         <size>0x16</size>
         <input_file_ref idref="fl-63"/>
      </object_component>
      <object_component id="oc-3d4">
         <name>.text</name>
         <load_address>0xfbf6</load_address>
         <run_address>0xfbf6</run_address>
         <size>0x16</size>
         <input_file_ref idref="fl-21"/>
      </object_component>
      <object_component id="oc-1a9">
         <name>.text:TA1_init</name>
         <load_address>0xfc0c</load_address>
         <run_address>0xfc0c</run_address>
         <size>0x14</size>
         <input_file_ref idref="fl-2"/>
      </object_component>
      <object_component id="oc-ff">
         <name>.text:decompress:ZI:__TI_zero_init_nomemset:__TI_zero_init_nomemset</name>
         <load_address>0xfc20</load_address>
         <run_address>0xfc20</run_address>
         <size>0x14</size>
         <input_file_ref idref="fl-39"/>
      </object_component>
      <object_component id="oc-2f2">
         <name>.text:print</name>
         <load_address>0xfc34</load_address>
         <run_address>0xfc34</run_address>
         <size>0x14</size>
         <input_file_ref idref="fl-2"/>
      </object_component>
      <object_component id="oc-271">
         <name>.text</name>
         <load_address>0xfc48</load_address>
         <run_address>0xfc48</run_address>
         <size>0x14</size>
         <input_file_ref idref="fl-35"/>
      </object_component>
      <object_component id="oc-1af">
         <name>.text:MCLK_init</name>
         <load_address>0xfc5c</load_address>
         <run_address>0xfc5c</run_address>
         <size>0x12</size>
         <input_file_ref idref="fl-2"/>
      </object_component>
      <object_component id="oc-3a">
         <name>.text:decompress:none:__TI_decompress_none</name>
         <load_address>0xfc6e</load_address>
         <run_address>0xfc6e</run_address>
         <size>0x12</size>
         <input_file_ref idref="fl-3f"/>
      </object_component>
      <object_component id="oc-3a0">
         <name>.text:l_lsr</name>
         <load_address>0xfc80</load_address>
         <run_address>0xfc80</run_address>
         <size>0x12</size>
         <input_file_ref idref="fl-34"/>
      </object_component>
      <object_component id="oc-cf">
         <name>.text:memcpy</name>
         <load_address>0xfc92</load_address>
         <run_address>0xfc92</run_address>
         <size>0x12</size>
         <input_file_ref idref="fl-55"/>
      </object_component>
      <object_component id="oc-3a5">
         <name>.text:l_asr</name>
         <load_address>0xfca4</load_address>
         <run_address>0xfca4</run_address>
         <size>0x10</size>
         <input_file_ref idref="fl-1f"/>
      </object_component>
      <object_component id="oc-418">
         <name>.text:l_lsl</name>
         <load_address>0xfcb4</load_address>
         <run_address>0xfcb4</run_address>
         <size>0x10</size>
         <input_file_ref idref="fl-5a"/>
      </object_component>
      <object_component id="oc-bf">
         <name>.text</name>
         <load_address>0xfcc4</load_address>
         <run_address>0xfcc4</run_address>
         <size>0x10</size>
         <input_file_ref idref="fl-23"/>
      </object_component>
      <object_component id="oc-1ee">
         <name>.text:ADC2_init</name>
         <load_address>0xfcd4</load_address>
         <run_address>0xfcd4</run_address>
         <size>0xe</size>
         <input_file_ref idref="fl-2"/>
      </object_component>
      <object_component id="oc-1e2">
         <name>.text:ADC_init</name>
         <load_address>0xfce2</load_address>
         <run_address>0xfce2</run_address>
         <size>0xe</size>
         <input_file_ref idref="fl-2"/>
      </object_component>
      <object_component id="oc-1bb">
         <name>.text:GPIO_init</name>
         <load_address>0xfcf0</load_address>
         <run_address>0xfcf0</run_address>
         <size>0xe</size>
         <input_file_ref idref="fl-2"/>
      </object_component>
      <object_component id="oc-e1">
         <name>.text:adc10_interrupt</name>
         <load_address>0xfcfe</load_address>
         <run_address>0xfcfe</run_address>
         <size>0xe</size>
         <input_file_ref idref="fl-2"/>
      </object_component>
      <object_component id="oc-1c1">
         <name>.text:temp_init</name>
         <load_address>0xfd0c</load_address>
         <run_address>0xfd0c</run_address>
         <size>0xe</size>
         <input_file_ref idref="fl-2"/>
      </object_component>
      <object_component id="oc-1d0">
         <name>.text:volt_init</name>
         <load_address>0xfd1a</load_address>
         <run_address>0xfd1a</run_address>
         <size>0xe</size>
         <input_file_ref idref="fl-2"/>
      </object_component>
      <object_component id="oc-e7">
         <name>.text:USCI0TX_ISR</name>
         <load_address>0xfd28</load_address>
         <run_address>0xfd28</run_address>
         <size>0xc</size>
         <input_file_ref idref="fl-2"/>
      </object_component>
      <object_component id="oc-28e">
         <name>.text:__mspabi_fltid</name>
         <load_address>0xfd34</load_address>
         <run_address>0xfd34</run_address>
         <size>0xc</size>
         <input_file_ref idref="fl-48"/>
      </object_component>
      <object_component id="oc-f9">
         <name>.text:Timer_A1</name>
         <load_address>0xfd40</load_address>
         <run_address>0xfd40</run_address>
         <size>0x8</size>
         <input_file_ref idref="fl-2"/>
      </object_component>
      <object_component id="oc-dc">
         <name>.text:_isr:__TI_ISR_TRAP</name>
         <load_address>0xfd48</load_address>
         <run_address>0xfd48</run_address>
         <size>0x8</size>
         <input_file_ref idref="fl-31"/>
      </object_component>
      <object_component id="oc-276">
         <name>.text:__mspabi_fltud</name>
         <load_address>0xfd50</load_address>
         <run_address>0xfd50</run_address>
         <size>0x6</size>
         <input_file_ref idref="fl-4a"/>
      </object_component>
      <object_component id="oc-21f">
         <name>.text:abort</name>
         <load_address>0xfd56</load_address>
         <run_address>0xfd56</run_address>
         <size>0x6</size>
         <input_file_ref idref="fl-51"/>
      </object_component>
      <object_component id="oc-168">
         <name>.text:_system_pre_init</name>
         <load_address>0xfd5c</load_address>
         <run_address>0xfd5c</run_address>
         <size>0x4</size>
         <input_file_ref idref="fl-3d"/>
      </object_component>
      <object_component id="oc-326">
         <name>.text:_system_post_cinit</name>
         <load_address>0xfd60</load_address>
         <run_address>0xfd60</run_address>
         <size>0x2</size>
         <input_file_ref idref="fl-3e"/>
      </object_component>
      <object_component id="oc-52b">
         <name>.cinit..data.load</name>
         <load_address>0xffa0</load_address>
         <run_address>0xffa0</run_address>
         <size>0x27</size>
      </object_component>
      <object_component id="oc-528">
         <name>__TI_handler_table</name>
         <load_address>0xffc8</load_address>
         <run_address>0xffc8</run_address>
         <size>0x6</size>
      </object_component>
      <object_component id="oc-52a">
         <name>.cinit..bss.load</name>
         <load_address>0xffce</load_address>
         <run_address>0xffce</run_address>
         <size>0x4</size>
      </object_component>
      <object_component id="oc-529">
         <name>__TI_cinit_table</name>
         <load_address>0xffd2</load_address>
         <run_address>0xffd2</run_address>
         <size>0x8</size>
      </object_component>
      <object_component id="oc-455">
         <name>.const:.string:_ctypes_</name>
         <load_address>0xfd62</load_address>
         <run_address>0xfd62</run_address>
         <size>0x101</size>
         <input_file_ref idref="fl-5f"/>
      </object_component>
      <object_component id="oc-2eb">
         <name>.const:.string</name>
         <load_address>0xfe64</load_address>
         <run_address>0xfe64</run_address>
         <size>0x68</size>
         <input_file_ref idref="fl-2"/>
      </object_component>
      <object_component id="oc-29e">
         <name>.const:$P$T1$2</name>
         <load_address>0xfecc</load_address>
         <run_address>0xfecc</run_address>
         <size>0x48</size>
         <input_file_ref idref="fl-2"/>
      </object_component>
      <object_component id="oc-2a1">
         <name>.const:$P$T2$3</name>
         <load_address>0xff14</load_address>
         <run_address>0xff14</run_address>
         <size>0x48</size>
         <input_file_ref idref="fl-2"/>
      </object_component>
      <object_component id="oc-483">
         <name>.const:mon_day</name>
         <load_address>0xff5c</load_address>
         <run_address>0xff5c</run_address>
         <size>0x18</size>
         <input_file_ref idref="fl-56"/>
      </object_component>
      <object_component id="oc-480">
         <name>.const:mon_len</name>
         <load_address>0xff74</load_address>
         <run_address>0xff74</run_address>
         <size>0x18</size>
         <input_file_ref idref="fl-56"/>
      </object_component>
      <object_component id="oc-3aa">
         <name>.const:TWO52</name>
         <load_address>0xff8c</load_address>
         <run_address>0xff8c</run_address>
         <size>0x10</size>
         <input_file_ref idref="fl-1d"/>
      </object_component>
      <object_component id="oc-29a">
         <name>.const:$P$T0$1</name>
         <load_address>0xff9c</load_address>
         <run_address>0xff9c</run_address>
         <size>0x4</size>
         <input_file_ref idref="fl-2"/>
      </object_component>
      <object_component id="oc-4ea">
         <name>.binit</name>
         <load_address>0xc000</load_address>
         <run_address>0xc000</run_address>
         <size>0x0</size>
      </object_component>
      <object_component id="oc-40">
         <name>.int00</name>
         <load_address>0xffe0</load_address>
         <run_address>0xffe0</run_address>
         <size>0x2</size>
         <input_file_ref idref="fl-29"/>
      </object_component>
      <object_component id="oc-41">
         <name>.int02</name>
         <load_address>0xffe4</load_address>
         <run_address>0xffe4</run_address>
         <size>0x2</size>
         <input_file_ref idref="fl-2a"/>
      </object_component>
      <object_component id="oc-42">
         <name>.int03</name>
         <load_address>0xffe6</load_address>
         <run_address>0xffe6</run_address>
         <size>0x2</size>
         <input_file_ref idref="fl-2b"/>
      </object_component>
      <object_component id="oc-43">
         <name>.int05</name>
         <load_address>0xffea</load_address>
         <run_address>0xffea</run_address>
         <size>0x2</size>
         <input_file_ref idref="fl-2"/>
      </object_component>
      <object_component id="oc-44">
         <name>.int06</name>
         <load_address>0xffec</load_address>
         <run_address>0xffec</run_address>
         <size>0x2</size>
         <input_file_ref idref="fl-2"/>
      </object_component>
      <object_component id="oc-45">
         <name>.int07</name>
         <load_address>0xffee</load_address>
         <run_address>0xffee</run_address>
         <size>0x2</size>
         <input_file_ref idref="fl-2"/>
      </object_component>
      <object_component id="oc-46">
         <name>.int08</name>
         <load_address>0xfff0</load_address>
         <run_address>0xfff0</run_address>
         <size>0x2</size>
         <input_file_ref idref="fl-2c"/>
      </object_component>
      <object_component id="oc-47">
         <name>.int09</name>
         <load_address>0xfff2</load_address>
         <run_address>0xfff2</run_address>
         <size>0x2</size>
         <input_file_ref idref="fl-2d"/>
      </object_component>
      <object_component id="oc-48">
         <name>.int10</name>
         <load_address>0xfff4</load_address>
         <run_address>0xfff4</run_address>
         <size>0x2</size>
         <input_file_ref idref="fl-2"/>
      </object_component>
      <object_component id="oc-49">
         <name>.int11</name>
         <load_address>0xfff6</load_address>
         <run_address>0xfff6</run_address>
         <size>0x2</size>
         <input_file_ref idref="fl-2e"/>
      </object_component>
      <object_component id="oc-4a">
         <name>.int12</name>
         <load_address>0xfff8</load_address>
         <run_address>0xfff8</run_address>
         <size>0x2</size>
         <input_file_ref idref="fl-2f"/>
      </object_component>
      <object_component id="oc-4b">
         <name>.int13</name>
         <load_address>0xfffa</load_address>
         <run_address>0xfffa</run_address>
         <size>0x2</size>
         <input_file_ref idref="fl-2"/>
      </object_component>
      <object_component id="oc-4c">
         <name>.int14</name>
         <load_address>0xfffc</load_address>
         <run_address>0xfffc</run_address>
         <size>0x2</size>
         <input_file_ref idref="fl-30"/>
      </object_component>
      <object_component id="oc-b4">
         <name>.reset</name>
         <load_address>0xfffe</load_address>
         <run_address>0xfffe</run_address>
         <size>0x2</size>
         <input_file_ref idref="fl-37"/>
      </object_component>
      <object_component id="oc-15b">
         <name>.debug_info</name>
         <load_address>0x0</load_address>
         <run_address>0x0</run_address>
         <size>0x66f</size>
         <input_file_ref idref="fl-2"/>
      </object_component>
      <object_component id="oc-1ce">
         <name>.debug_info</name>
         <load_address>0x66f</load_address>
         <run_address>0x66f</run_address>
         <size>0xcc</size>
         <input_file_ref idref="fl-2"/>
      </object_component>
      <object_component id="oc-158">
         <name>.debug_info</name>
         <load_address>0x73b</load_address>
         <run_address>0x73b</run_address>
         <size>0x24f</size>
         <input_file_ref idref="fl-2"/>
      </object_component>
      <object_component id="oc-29b">
         <name>.debug_info</name>
         <load_address>0x98a</load_address>
         <run_address>0x98a</run_address>
         <size>0xcf</size>
         <input_file_ref idref="fl-2"/>
      </object_component>
      <object_component id="oc-29f">
         <name>.debug_info</name>
         <load_address>0xa59</load_address>
         <run_address>0xa59</run_address>
         <size>0xd0</size>
         <input_file_ref idref="fl-2"/>
      </object_component>
      <object_component id="oc-2a2">
         <name>.debug_info</name>
         <load_address>0xb29</load_address>
         <run_address>0xb29</run_address>
         <size>0xd0</size>
         <input_file_ref idref="fl-2"/>
      </object_component>
      <object_component id="oc-1d1">
         <name>.debug_info</name>
         <load_address>0xbf9</load_address>
         <run_address>0xbf9</run_address>
         <size>0xfe</size>
         <input_file_ref idref="fl-2"/>
      </object_component>
      <object_component id="oc-1d7">
         <name>.debug_info</name>
         <load_address>0xcf7</load_address>
         <run_address>0xcf7</run_address>
         <size>0x150</size>
         <input_file_ref idref="fl-2"/>
      </object_component>
      <object_component id="oc-1c2">
         <name>.debug_info</name>
         <load_address>0xe47</load_address>
         <run_address>0xe47</run_address>
         <size>0xfe</size>
         <input_file_ref idref="fl-2"/>
      </object_component>
      <object_component id="oc-1c8">
         <name>.debug_info</name>
         <load_address>0xf45</load_address>
         <run_address>0xf45</run_address>
         <size>0x11d</size>
         <input_file_ref idref="fl-2"/>
      </object_component>
      <object_component id="oc-2ed">
         <name>.debug_info</name>
         <load_address>0x1062</load_address>
         <run_address>0x1062</run_address>
         <size>0x166</size>
         <input_file_ref idref="fl-2"/>
      </object_component>
      <object_component id="oc-2f3">
         <name>.debug_info</name>
         <load_address>0x11c8</load_address>
         <run_address>0x11c8</run_address>
         <size>0x162</size>
         <input_file_ref idref="fl-2"/>
      </object_component>
      <object_component id="oc-1aa">
         <name>.debug_info</name>
         <load_address>0x132a</load_address>
         <run_address>0x132a</run_address>
         <size>0xfc</size>
         <input_file_ref idref="fl-2"/>
      </object_component>
      <object_component id="oc-1b0">
         <name>.debug_info</name>
         <load_address>0x1426</load_address>
         <run_address>0x1426</run_address>
         <size>0xfe</size>
         <input_file_ref idref="fl-2"/>
      </object_component>
      <object_component id="oc-1b6">
         <name>.debug_info</name>
         <load_address>0x1524</load_address>
         <run_address>0x1524</run_address>
         <size>0xfe</size>
         <input_file_ref idref="fl-2"/>
      </object_component>
      <object_component id="oc-1bc">
         <name>.debug_info</name>
         <load_address>0x1622</load_address>
         <run_address>0x1622</run_address>
         <size>0xfe</size>
         <input_file_ref idref="fl-2"/>
      </object_component>
      <object_component id="oc-1dd">
         <name>.debug_info</name>
         <load_address>0x1720</load_address>
         <run_address>0x1720</run_address>
         <size>0x12c</size>
         <input_file_ref idref="fl-2"/>
      </object_component>
      <object_component id="oc-1e3">
         <name>.debug_info</name>
         <load_address>0x184c</load_address>
         <run_address>0x184c</run_address>
         <size>0xfc</size>
         <input_file_ref idref="fl-2"/>
      </object_component>
      <object_component id="oc-1e9">
         <name>.debug_info</name>
         <load_address>0x1948</load_address>
         <run_address>0x1948</run_address>
         <size>0x107</size>
         <input_file_ref idref="fl-2"/>
      </object_component>
      <object_component id="oc-1ef">
         <name>.debug_info</name>
         <load_address>0x1a4f</load_address>
         <run_address>0x1a4f</run_address>
         <size>0xfe</size>
         <input_file_ref idref="fl-2"/>
      </object_component>
      <object_component id="oc-1f5">
         <name>.debug_info</name>
         <load_address>0x1b4d</load_address>
         <run_address>0x1b4d</run_address>
         <size>0x109</size>
         <input_file_ref idref="fl-2"/>
      </object_component>
      <object_component id="oc-1fb">
         <name>.debug_info</name>
         <load_address>0x1c56</load_address>
         <run_address>0x1c56</run_address>
         <size>0x1ec</size>
         <input_file_ref idref="fl-2"/>
      </object_component>
      <object_component id="oc-3ba">
         <name>.debug_info</name>
         <load_address>0x1e42</load_address>
         <run_address>0x1e42</run_address>
         <size>0x150</size>
         <input_file_ref idref="fl-2"/>
      </object_component>
      <object_component id="oc-2e4">
         <name>.debug_info</name>
         <load_address>0x1f92</load_address>
         <run_address>0x1f92</run_address>
         <size>0x26e</size>
         <input_file_ref idref="fl-2"/>
      </object_component>
      <object_component id="oc-201">
         <name>.debug_info</name>
         <load_address>0x2200</load_address>
         <run_address>0x2200</run_address>
         <size>0x7f2</size>
         <input_file_ref idref="fl-2"/>
      </object_component>
      <object_component id="oc-207">
         <name>.debug_info</name>
         <load_address>0x29f2</load_address>
         <run_address>0x29f2</run_address>
         <size>0x131</size>
         <input_file_ref idref="fl-2"/>
      </object_component>
      <object_component id="oc-2fa">
         <name>.debug_info</name>
         <load_address>0x2b23</load_address>
         <run_address>0x2b23</run_address>
         <size>0x1e8</size>
         <input_file_ref idref="fl-2"/>
      </object_component>
      <object_component id="oc-20d">
         <name>.debug_info</name>
         <load_address>0x2d0b</load_address>
         <run_address>0x2d0b</run_address>
         <size>0x248</size>
         <input_file_ref idref="fl-2"/>
      </object_component>
      <object_component id="oc-301">
         <name>.debug_info</name>
         <load_address>0x2f53</load_address>
         <run_address>0x2f53</run_address>
         <size>0x1bb</size>
         <input_file_ref idref="fl-2"/>
      </object_component>
      <object_component id="oc-307">
         <name>.debug_info</name>
         <load_address>0x310e</load_address>
         <run_address>0x310e</run_address>
         <size>0x11c</size>
         <input_file_ref idref="fl-2"/>
      </object_component>
      <object_component id="oc-30d">
         <name>.debug_info</name>
         <load_address>0x322a</load_address>
         <run_address>0x322a</run_address>
         <size>0x1b1</size>
         <input_file_ref idref="fl-2"/>
      </object_component>
      <object_component id="oc-213">
         <name>.debug_info</name>
         <load_address>0x33db</load_address>
         <run_address>0x33db</run_address>
         <size>0x16f</size>
         <input_file_ref idref="fl-2"/>
      </object_component>
      <object_component id="oc-219">
         <name>.debug_info</name>
         <load_address>0x354a</load_address>
         <run_address>0x354a</run_address>
         <size>0x12a</size>
         <input_file_ref idref="fl-2"/>
      </object_component>
      <object_component id="oc-16f">
         <name>.debug_info</name>
         <load_address>0x3674</load_address>
         <run_address>0x3674</run_address>
         <size>0x272</size>
         <input_file_ref idref="fl-2"/>
      </object_component>
      <object_component id="oc-e2">
         <name>.debug_info</name>
         <load_address>0x38e6</load_address>
         <run_address>0x38e6</run_address>
         <size>0x10e</size>
         <input_file_ref idref="fl-2"/>
      </object_component>
      <object_component id="oc-e8">
         <name>.debug_info</name>
         <load_address>0x39f4</load_address>
         <run_address>0x39f4</run_address>
         <size>0x106</size>
         <input_file_ref idref="fl-2"/>
      </object_component>
      <object_component id="oc-ee">
         <name>.debug_info</name>
         <load_address>0x3afa</load_address>
         <run_address>0x3afa</run_address>
         <size>0x106</size>
         <input_file_ref idref="fl-2"/>
      </object_component>
      <object_component id="oc-fa">
         <name>.debug_info</name>
         <load_address>0x3c00</load_address>
         <run_address>0x3c00</run_address>
         <size>0x100</size>
         <input_file_ref idref="fl-2"/>
      </object_component>
      <object_component id="oc-f4">
         <name>.debug_info</name>
         <load_address>0x3d00</load_address>
         <run_address>0x3d00</run_address>
         <size>0x10a</size>
         <input_file_ref idref="fl-2"/>
      </object_component>
      <object_component id="oc-19c">
         <name>.debug_info</name>
         <load_address>0x3e0a</load_address>
         <run_address>0x3e0a</run_address>
         <size>0x26b</size>
         <input_file_ref idref="fl-2"/>
      </object_component>
      <object_component id="oc-195">
         <name>.debug_info</name>
         <load_address>0x4075</load_address>
         <run_address>0x4075</run_address>
         <size>0x196</size>
         <input_file_ref idref="fl-2"/>
      </object_component>
      <object_component id="oc-ca">
         <name>.debug_info</name>
         <load_address>0x420b</load_address>
         <run_address>0x420b</run_address>
         <size>0x84</size>
         <input_file_ref idref="fl-2"/>
      </object_component>
      <object_component id="oc-25e">
         <name>.debug_info</name>
         <load_address>0x428f</load_address>
         <run_address>0x428f</run_address>
         <size>0x275</size>
         <input_file_ref idref="fl-2"/>
      </object_component>
      <object_component id="oc-1a1">
         <name>.debug_info</name>
         <load_address>0x4504</load_address>
         <run_address>0x4504</run_address>
         <size>0x35</size>
         <input_file_ref idref="fl-2"/>
      </object_component>
      <object_component id="oc-3b3">
         <name>.debug_info</name>
         <load_address>0x4539</load_address>
         <run_address>0x4539</run_address>
         <size>0x169</size>
         <input_file_ref idref="fl-1d"/>
      </object_component>
      <object_component id="oc-3ab">
         <name>.debug_info</name>
         <load_address>0x46a2</load_address>
         <run_address>0x46a2</run_address>
         <size>0xf4</size>
         <input_file_ref idref="fl-1d"/>
      </object_component>
      <object_component id="oc-2de">
         <name>.debug_info</name>
         <load_address>0x4796</load_address>
         <run_address>0x4796</run_address>
         <size>0x2bb</size>
         <input_file_ref idref="fl-1d"/>
      </object_component>
      <object_component id="oc-434">
         <name>.debug_info</name>
         <load_address>0x4a51</load_address>
         <run_address>0x4a51</run_address>
         <size>0x46</size>
         <input_file_ref idref="fl-1d"/>
      </object_component>
      <object_component id="oc-3b4">
         <name>.debug_info</name>
         <load_address>0x4a97</load_address>
         <run_address>0x4a97</run_address>
         <size>0x39</size>
         <input_file_ref idref="fl-1d"/>
      </object_component>
      <object_component id="oc-36c">
         <name>.debug_info</name>
         <load_address>0x4ad0</load_address>
         <run_address>0x4ad0</run_address>
         <size>0x118</size>
         <input_file_ref idref="fl-1e"/>
      </object_component>
      <object_component id="oc-3a6">
         <name>.debug_info</name>
         <load_address>0x4be8</load_address>
         <run_address>0x4be8</run_address>
         <size>0x118</size>
         <input_file_ref idref="fl-1f"/>
      </object_component>
      <object_component id="oc-393">
         <name>.debug_info</name>
         <load_address>0x4d00</load_address>
         <run_address>0x4d00</run_address>
         <size>0x11e</size>
         <input_file_ref idref="fl-1f"/>
      </object_component>
      <object_component id="oc-3d0">
         <name>.debug_info</name>
         <load_address>0x4e1e</load_address>
         <run_address>0x4e1e</run_address>
         <size>0x12d</size>
         <input_file_ref idref="fl-20"/>
      </object_component>
      <object_component id="oc-3d6">
         <name>.debug_info</name>
         <load_address>0x4f4b</load_address>
         <run_address>0x4f4b</run_address>
         <size>0x119</size>
         <input_file_ref idref="fl-21"/>
      </object_component>
      <object_component id="oc-3c3">
         <name>.debug_info</name>
         <load_address>0x5064</load_address>
         <run_address>0x5064</run_address>
         <size>0x11b</size>
         <input_file_ref idref="fl-22"/>
      </object_component>
      <object_component id="oc-c0">
         <name>.debug_info</name>
         <load_address>0x517f</load_address>
         <run_address>0x517f</run_address>
         <size>0x126</size>
         <input_file_ref idref="fl-23"/>
      </object_component>
      <object_component id="oc-2c0">
         <name>.debug_info</name>
         <load_address>0x52a5</load_address>
         <run_address>0x52a5</run_address>
         <size>0x119</size>
         <input_file_ref idref="fl-24"/>
      </object_component>
      <object_component id="oc-2ba">
         <name>.debug_info</name>
         <load_address>0x53be</load_address>
         <run_address>0x53be</run_address>
         <size>0x125</size>
         <input_file_ref idref="fl-25"/>
      </object_component>
      <object_component id="oc-2d5">
         <name>.debug_info</name>
         <load_address>0x54e3</load_address>
         <run_address>0x54e3</run_address>
         <size>0x119</size>
         <input_file_ref idref="fl-26"/>
      </object_component>
      <object_component id="oc-2d0">
         <name>.debug_info</name>
         <load_address>0x55fc</load_address>
         <run_address>0x55fc</run_address>
         <size>0x122</size>
         <input_file_ref idref="fl-27"/>
      </object_component>
      <object_component id="oc-2d9">
         <name>.debug_info</name>
         <load_address>0x571e</load_address>
         <run_address>0x571e</run_address>
         <size>0x119</size>
         <input_file_ref idref="fl-28"/>
      </object_component>
      <object_component id="oc-dd">
         <name>.debug_info</name>
         <load_address>0x5837</load_address>
         <run_address>0x5837</run_address>
         <size>0x107</size>
         <input_file_ref idref="fl-31"/>
      </object_component>
      <object_component id="oc-b6">
         <name>.debug_info</name>
         <load_address>0x593e</load_address>
         <run_address>0x593e</run_address>
         <size>0x118</size>
         <input_file_ref idref="fl-32"/>
      </object_component>
      <object_component id="oc-bb">
         <name>.debug_info</name>
         <load_address>0x5a56</load_address>
         <run_address>0x5a56</run_address>
         <size>0x118</size>
         <input_file_ref idref="fl-33"/>
      </object_component>
      <object_component id="oc-3a2">
         <name>.debug_info</name>
         <load_address>0x5b6e</load_address>
         <run_address>0x5b6e</run_address>
         <size>0x118</size>
         <input_file_ref idref="fl-34"/>
      </object_component>
      <object_component id="oc-3af">
         <name>.debug_info</name>
         <load_address>0x5c86</load_address>
         <run_address>0x5c86</run_address>
         <size>0x11e</size>
         <input_file_ref idref="fl-34"/>
      </object_component>
      <object_component id="oc-273">
         <name>.debug_info</name>
         <load_address>0x5da4</load_address>
         <run_address>0x5da4</run_address>
         <size>0x119</size>
         <input_file_ref idref="fl-35"/>
      </object_component>
      <object_component id="oc-269">
         <name>.debug_info</name>
         <load_address>0x5ebd</load_address>
         <run_address>0x5ebd</run_address>
         <size>0x119</size>
         <input_file_ref idref="fl-36"/>
      </object_component>
      <object_component id="oc-b2">
         <name>.debug_info</name>
         <load_address>0x5fd6</load_address>
         <run_address>0x5fd6</run_address>
         <size>0xf5</size>
         <input_file_ref idref="fl-37"/>
      </object_component>
      <object_component id="oc-112">
         <name>.debug_info</name>
         <load_address>0x60cb</load_address>
         <run_address>0x60cb</run_address>
         <size>0x16f</size>
         <input_file_ref idref="fl-37"/>
      </object_component>
      <object_component id="oc-32d">
         <name>.debug_info</name>
         <load_address>0x623a</load_address>
         <run_address>0x623a</run_address>
         <size>0x472</size>
         <input_file_ref idref="fl-38"/>
      </object_component>
      <object_component id="oc-22c">
         <name>.debug_info</name>
         <load_address>0x66ac</load_address>
         <run_address>0x66ac</run_address>
         <size>0x1d5</size>
         <input_file_ref idref="fl-38"/>
      </object_component>
      <object_component id="oc-3f9">
         <name>.debug_info</name>
         <load_address>0x6881</load_address>
         <run_address>0x6881</run_address>
         <size>0x39</size>
         <input_file_ref idref="fl-38"/>
      </object_component>
      <object_component id="oc-405">
         <name>.debug_info</name>
         <load_address>0x68ba</load_address>
         <run_address>0x68ba</run_address>
         <size>0x2c</size>
         <input_file_ref idref="fl-38"/>
      </object_component>
      <object_component id="oc-338">
         <name>.debug_info</name>
         <load_address>0x68e6</load_address>
         <run_address>0x68e6</run_address>
         <size>0x2c</size>
         <input_file_ref idref="fl-38"/>
      </object_component>
      <object_component id="oc-3fe">
         <name>.debug_info</name>
         <load_address>0x6912</load_address>
         <run_address>0x6912</run_address>
         <size>0xcd</size>
         <input_file_ref idref="fl-38"/>
      </object_component>
      <object_component id="oc-166">
         <name>.debug_info</name>
         <load_address>0x69df</load_address>
         <run_address>0x69df</run_address>
         <size>0x1b4</size>
         <input_file_ref idref="fl-39"/>
      </object_component>
      <object_component id="oc-100">
         <name>.debug_info</name>
         <load_address>0x6b93</load_address>
         <run_address>0x6b93</run_address>
         <size>0x1c7</size>
         <input_file_ref idref="fl-39"/>
      </object_component>
      <object_component id="oc-161">
         <name>.debug_info</name>
         <load_address>0x6d5a</load_address>
         <run_address>0x6d5a</run_address>
         <size>0x46</size>
         <input_file_ref idref="fl-39"/>
      </object_component>
      <object_component id="oc-148">
         <name>.debug_info</name>
         <load_address>0x6da0</load_address>
         <run_address>0x6da0</run_address>
         <size>0x2c</size>
         <input_file_ref idref="fl-39"/>
      </object_component>
      <object_component id="oc-4dc">
         <name>.debug_info</name>
         <load_address>0x6dcc</load_address>
         <run_address>0x6dcc</run_address>
         <size>0x188</size>
         <input_file_ref idref="fl-3c"/>
      </object_component>
      <object_component id="oc-16a">
         <name>.debug_info</name>
         <load_address>0x6f54</load_address>
         <run_address>0x6f54</run_address>
         <size>0x148</size>
         <input_file_ref idref="fl-3d"/>
      </object_component>
      <object_component id="oc-327">
         <name>.debug_info</name>
         <load_address>0x709c</load_address>
         <run_address>0x709c</run_address>
         <size>0x145</size>
         <input_file_ref idref="fl-3e"/>
      </object_component>
      <object_component id="oc-db">
         <name>.debug_info</name>
         <load_address>0x71e1</load_address>
         <run_address>0x71e1</run_address>
         <size>0x175</size>
         <input_file_ref idref="fl-3f"/>
      </object_component>
      <object_component id="oc-3b">
         <name>.debug_info</name>
         <load_address>0x7356</load_address>
         <run_address>0x7356</run_address>
         <size>0x1df</size>
         <input_file_ref idref="fl-3f"/>
      </object_component>
      <object_component id="oc-d6">
         <name>.debug_info</name>
         <load_address>0x7535</load_address>
         <run_address>0x7535</run_address>
         <size>0x46</size>
         <input_file_ref idref="fl-3f"/>
      </object_component>
      <object_component id="oc-14d">
         <name>.debug_info</name>
         <load_address>0x757b</load_address>
         <run_address>0x757b</run_address>
         <size>0x2c</size>
         <input_file_ref idref="fl-3f"/>
      </object_component>
      <object_component id="oc-145">
         <name>.debug_info</name>
         <load_address>0x75a7</load_address>
         <run_address>0x75a7</run_address>
         <size>0x16b</size>
         <input_file_ref idref="fl-40"/>
      </object_component>
      <object_component id="oc-38">
         <name>.debug_info</name>
         <load_address>0x7712</load_address>
         <run_address>0x7712</run_address>
         <size>0x287</size>
         <input_file_ref idref="fl-40"/>
      </object_component>
      <object_component id="oc-c5">
         <name>.debug_info</name>
         <load_address>0x7999</load_address>
         <run_address>0x7999</run_address>
         <size>0x60</size>
         <input_file_ref idref="fl-40"/>
      </object_component>
      <object_component id="oc-18a">
         <name>.debug_info</name>
         <load_address>0x79f9</load_address>
         <run_address>0x79f9</run_address>
         <size>0x46</size>
         <input_file_ref idref="fl-40"/>
      </object_component>
      <object_component id="oc-140">
         <name>.debug_info</name>
         <load_address>0x7a3f</load_address>
         <run_address>0x7a3f</run_address>
         <size>0x39</size>
         <input_file_ref idref="fl-40"/>
      </object_component>
      <object_component id="oc-38d">
         <name>.debug_info</name>
         <load_address>0x7a78</load_address>
         <run_address>0x7a78</run_address>
         <size>0x15a</size>
         <input_file_ref idref="fl-41"/>
      </object_component>
      <object_component id="oc-2b2">
         <name>.debug_info</name>
         <load_address>0x7bd2</load_address>
         <run_address>0x7bd2</run_address>
         <size>0x1cd</size>
         <input_file_ref idref="fl-41"/>
      </object_component>
      <object_component id="oc-397">
         <name>.debug_info</name>
         <load_address>0x7d9f</load_address>
         <run_address>0x7d9f</run_address>
         <size>0xdb</size>
         <input_file_ref idref="fl-41"/>
      </object_component>
      <object_component id="oc-385">
         <name>.debug_info</name>
         <load_address>0x7e7a</load_address>
         <run_address>0x7e7a</run_address>
         <size>0x19c</size>
         <input_file_ref idref="fl-42"/>
      </object_component>
      <object_component id="oc-2a6">
         <name>.debug_info</name>
         <load_address>0x8016</load_address>
         <run_address>0x8016</run_address>
         <size>0x24c</size>
         <input_file_ref idref="fl-42"/>
      </object_component>
      <object_component id="oc-357">
         <name>.debug_info</name>
         <load_address>0x8262</load_address>
         <run_address>0x8262</run_address>
         <size>0x94</size>
         <input_file_ref idref="fl-42"/>
      </object_component>
      <object_component id="oc-2ca">
         <name>.debug_info</name>
         <load_address>0x82f6</load_address>
         <run_address>0x82f6</run_address>
         <size>0x1a4</size>
         <input_file_ref idref="fl-43"/>
      </object_component>
      <object_component id="oc-396">
         <name>.debug_info</name>
         <load_address>0x849a</load_address>
         <run_address>0x849a</run_address>
         <size>0x15a</size>
         <input_file_ref idref="fl-44"/>
      </object_component>
      <object_component id="oc-2c4">
         <name>.debug_info</name>
         <load_address>0x85f4</load_address>
         <run_address>0x85f4</run_address>
         <size>0x1c9</size>
         <input_file_ref idref="fl-44"/>
      </object_component>
      <object_component id="oc-35c">
         <name>.debug_info</name>
         <load_address>0x87bd</load_address>
         <run_address>0x87bd</run_address>
         <size>0x197</size>
         <input_file_ref idref="fl-45"/>
      </object_component>
      <object_component id="oc-280">
         <name>.debug_info</name>
         <load_address>0x8954</load_address>
         <run_address>0x8954</run_address>
         <size>0x27f</size>
         <input_file_ref idref="fl-45"/>
      </object_component>
      <object_component id="oc-286">
         <name>.debug_info</name>
         <load_address>0x8bd3</load_address>
         <run_address>0x8bd3</run_address>
         <size>0x166</size>
         <input_file_ref idref="fl-46"/>
      </object_component>
      <object_component id="oc-35e">
         <name>.debug_info</name>
         <load_address>0x8d39</load_address>
         <run_address>0x8d39</run_address>
         <size>0x1b5</size>
         <input_file_ref idref="fl-47"/>
      </object_component>
      <object_component id="oc-28f">
         <name>.debug_info</name>
         <load_address>0x8eee</load_address>
         <run_address>0x8eee</run_address>
         <size>0x15b</size>
         <input_file_ref idref="fl-48"/>
      </object_component>
      <object_component id="oc-412">
         <name>.debug_info</name>
         <load_address>0x9049</load_address>
         <run_address>0x9049</run_address>
         <size>0x160</size>
         <input_file_ref idref="fl-49"/>
      </object_component>
      <object_component id="oc-365">
         <name>.debug_info</name>
         <load_address>0x91a9</load_address>
         <run_address>0x91a9</run_address>
         <size>0x210</size>
         <input_file_ref idref="fl-49"/>
      </object_component>
      <object_component id="oc-278">
         <name>.debug_info</name>
         <load_address>0x93b9</load_address>
         <run_address>0x93b9</run_address>
         <size>0x15b</size>
         <input_file_ref idref="fl-4a"/>
      </object_component>
      <object_component id="oc-40b">
         <name>.debug_info</name>
         <load_address>0x9514</load_address>
         <run_address>0x9514</run_address>
         <size>0x160</size>
         <input_file_ref idref="fl-4b"/>
      </object_component>
      <object_component id="oc-34a">
         <name>.debug_info</name>
         <load_address>0x9674</load_address>
         <run_address>0x9674</run_address>
         <size>0x1d8</size>
         <input_file_ref idref="fl-4b"/>
      </object_component>
      <object_component id="oc-424">
         <name>.debug_info</name>
         <load_address>0x984c</load_address>
         <run_address>0x984c</run_address>
         <size>0x195</size>
[...]
         <value>0xffe4</value>
         <object_component_ref idref="oc-41"/>
      </symbol>
      <symbol id="sm-36b">
         <name>__TI_int03</name>
         <value>0xffe6</value>
         <object_component_ref idref="oc-42"/>
      </symbol>
      <symbol id="sm-36e">
         <name>__TI_int08</name>
         <value>0xfff0</value>
         <object_component_ref idref="oc-46"/>
      </symbol>
      <symbol id="sm-371">
         <name>__TI_int09</name>
         <value>0xfff2</value>
         <object_component_ref idref="oc-47"/>
      </symbol>
      <symbol id="sm-374">
         <name>__TI_int11</name>
         <value>0xfff6</value>
         <object_component_ref idref="oc-49"/>
      </symbol>
      <symbol id="sm-377">
         <name>__TI_int12</name>
         <value>0xfff8</value>
         <object_component_ref idref="oc-4a"/>
      </symbol>
      <symbol id="sm-37a">
         <name>__TI_int14</name>
         <value>0xfffc</value>
         <object_component_ref idref="oc-4c"/>
      </symbol>
      <symbol id="sm-382">
         <name>__TI_ISR_TRAP</name>
         <value>0xfd48</value>
         <object_component_ref idref="oc-dc"/>
      </symbol>
      <symbol id="sm-38a">
         <name>__mspabi_slli</name>
         <value>0xfa7c</value>
         <object_component_ref idref="oc-b5"/>
      </symbol>
      <symbol id="sm-38b">
         <name>__mspabi_slli_9</name>
         <value>0xfa94</value>
         <object_component_ref idref="oc-b5"/>
      </symbol>
      <symbol id="sm-38c">
         <name>__mspabi_slli_8</name>
         <value>0xfa96</value>
         <object_component_ref idref="oc-b5"/>
      </symbol>
      <symbol id="sm-38d">
         <name>__mspabi_slli_7</name>
         <value>0xfa98</value>
         <object_component_ref idref="oc-b5"/>
      </symbol>
      <symbol id="sm-38e">
         <name>__mspabi_slli_6</name>
         <value>0xfa9a</value>
         <object_component_ref idref="oc-b5"/>
      </symbol>
      <symbol id="sm-38f">
         <name>__mspabi_slli_5</name>
         <value>0xfa9c</value>
         <object_component_ref idref="oc-b5"/>
      </symbol>
      <symbol id="sm-390">
         <name>__mspabi_slli_4</name>
         <value>0xfa9e</value>
         <object_component_ref idref="oc-b5"/>
      </symbol>
      <symbol id="sm-391">
         <name>__mspabi_slli_3</name>
         <value>0xfaa0</value>
         <object_component_ref idref="oc-b5"/>
      </symbol>
      <symbol id="sm-392">
         <name>__mspabi_slli_2</name>
         <value>0xfaa2</value>
         <object_component_ref idref="oc-b5"/>
      </symbol>
      <symbol id="sm-393">
         <name>__mspabi_slli_1</name>
         <value>0xfaa4</value>
         <object_component_ref idref="oc-b5"/>
      </symbol>
      <symbol id="sm-394">
         <name>__mspabi_slli_15</name>
         <value>0xfa88</value>
         <object_component_ref idref="oc-b5"/>
      </symbol>
      <symbol id="sm-395">
         <name>__mspabi_slli_14</name>
         <value>0xfa8a</value>
         <object_component_ref idref="oc-b5"/>
      </symbol>
      <symbol id="sm-396">
         <name>__mspabi_slli_13</name>
         <value>0xfa8c</value>
         <object_component_ref idref="oc-b5"/>
      </symbol>
      <symbol id="sm-397">
         <name>__mspabi_slli_12</name>
         <value>0xfa8e</value>
         <object_component_ref idref="oc-b5"/>
      </symbol>
      <symbol id="sm-398">
         <name>__mspabi_slli_11</name>
         <value>0xfa90</value>
         <object_component_ref idref="oc-b5"/>
      </symbol>
      <symbol id="sm-399">
         <name>__mspabi_slli_10</name>
         <value>0xfa92</value>
         <object_component_ref idref="oc-b5"/>
      </symbol>
      <symbol id="sm-3a1">
         <name>__mspabi_srli_8</name>
         <value>0xf65a</value>
         <object_component_ref idref="oc-ba"/>
      </symbol>
      <symbol id="sm-3a2">
         <name>__mspabi_srli_9</name>
         <value>0xf656</value>
         <object_component_ref idref="oc-ba"/>
      </symbol>
      <symbol id="sm-3a3">
         <name>__mspabi_srli_6</name>
         <value>0xf662</value>
         <object_component_ref idref="oc-ba"/>
      </symbol>
      <symbol id="sm-3a4">
         <name>__mspabi_srli_7</name>
         <value>0xf65e</value>
         <object_component_ref idref="oc-ba"/>
      </symbol>
      <symbol id="sm-3a5">
         <name>__mspabi_srli_4</name>
         <value>0xf66a</value>
         <object_component_ref idref="oc-ba"/>
      </symbol>
      <symbol id="sm-3a6">
         <name>__mspabi_srli_5</name>
         <value>0xf666</value>
         <object_component_ref idref="oc-ba"/>
      </symbol>
      <symbol id="sm-3a7">
         <name>__mspabi_srli_2</name>
         <value>0xf672</value>
         <object_component_ref idref="oc-ba"/>
      </symbol>
      <symbol id="sm-3a8">
         <name>__mspabi_srli_3</name>
         <value>0xf66e</value>
         <object_component_ref idref="oc-ba"/>
      </symbol>
      <symbol id="sm-3a9">
         <name>__mspabi_srli_1</name>
         <value>0xf676</value>
         <object_component_ref idref="oc-ba"/>
      </symbol>
      <symbol id="sm-3aa">
         <name>__mspabi_srli</name>
         <value>0xf630</value>
         <object_component_ref idref="oc-ba"/>
      </symbol>
      <symbol id="sm-3ab">
         <name>__mspabi_srli_15</name>
         <value>0xf63e</value>
         <object_component_ref idref="oc-ba"/>
      </symbol>
      <symbol id="sm-3ac">
         <name>__mspabi_srli_14</name>
         <value>0xf642</value>
         <object_component_ref idref="oc-ba"/>
      </symbol>
      <symbol id="sm-3ad">
         <name>__mspabi_srli_13</name>
         <value>0xf646</value>
         <object_component_ref idref="oc-ba"/>
      </symbol>
      <symbol id="sm-3ae">
         <name>__mspabi_srli_12</name>
         <value>0xf64a</value>
         <object_component_ref idref="oc-ba"/>
      </symbol>
      <symbol id="sm-3af">
         <name>__mspabi_srli_11</name>
         <value>0xf64e</value>
         <object_component_ref idref="oc-ba"/>
      </symbol>
      <symbol id="sm-3b0">
         <name>__mspabi_srli_10</name>
         <value>0xf652</value>
         <object_component_ref idref="oc-ba"/>
      </symbol>
      <symbol id="sm-3c0">
         <name>__mspabi_srll_8</name>
         <value>0xf554</value>
         <object_component_ref idref="oc-3ad"/>
      </symbol>
      <symbol id="sm-3c1">
         <name>__mspabi_srll_9</name>
         <value>0xf54e</value>
         <object_component_ref idref="oc-3ad"/>
      </symbol>
      <symbol id="sm-3c2">
         <name>__mspabi_srll_6</name>
         <value>0xf560</value>
         <object_component_ref idref="oc-3ad"/>
      </symbol>
      <symbol id="sm-3c3">
         <name>__mspabi_srll_7</name>
         <value>0xf55a</value>
         <object_component_ref idref="oc-3ad"/>
      </symbol>
      <symbol id="sm-3c4">
         <name>__mspabi_srll_4</name>
         <value>0xf56c</value>
         <object_component_ref idref="oc-3ad"/>
      </symbol>
      <symbol id="sm-3c5">
         <name>__mspabi_srll_5</name>
         <value>0xf566</value>
         <object_component_ref idref="oc-3ad"/>
      </symbol>
      <symbol id="sm-3c6">
         <name>__mspabi_srll_2</name>
         <value>0xf578</value>
         <object_component_ref idref="oc-3ad"/>
      </symbol>
      <symbol id="sm-3c7">
         <name>__mspabi_srll_3</name>
         <value>0xf572</value>
         <object_component_ref idref="oc-3ad"/>
      </symbol>
      <symbol id="sm-3c8">
         <name>__mspabi_srll_1</name>
         <value>0xf57e</value>
         <object_component_ref idref="oc-3ad"/>
      </symbol>
      <symbol id="sm-3c9">
         <name>__mspabi_srll_15</name>
         <value>0xf52a</value>
         <object_component_ref idref="oc-3ad"/>
      </symbol>
      <symbol id="sm-3ca">
         <name>__mspabi_srll_14</name>
         <value>0xf530</value>
         <object_component_ref idref="oc-3ad"/>
      </symbol>
      <symbol id="sm-3cb">
         <name>__mspabi_srll_13</name>
         <value>0xf536</value>
         <object_component_ref idref="oc-3ad"/>
      </symbol>
      <symbol id="sm-3cc">
         <name>__mspabi_srll_12</name>
         <value>0xf53c</value>
         <object_component_ref idref="oc-3ad"/>
      </symbol>
      <symbol id="sm-3cd">
         <name>__mspabi_srll_11</name>
         <value>0xf542</value>
         <object_component_ref idref="oc-3ad"/>
      </symbol>
      <symbol id="sm-3ce">
         <name>__mspabi_srll_10</name>
         <value>0xf548</value>
         <object_component_ref idref="oc-3ad"/>
      </symbol>
      <symbol id="sm-3cf">
         <name>__mspabi_srll</name>
         <value>0xfc80</value>
         <object_component_ref idref="oc-3a0"/>
      </symbol>
      <symbol id="sm-3d9">
         <name>__mspabi_mpyi_sw</name>
         <value>0xfc48</value>
         <object_component_ref idref="oc-271"/>
      </symbol>
      <symbol id="sm-3da">
         <name>__mspabi_mpyi</name>
         <value>0xfc48</value>
         <object_component_ref idref="oc-271"/>
      </symbol>
      <symbol id="sm-3e4">
         <name>__mspabi_mpyl_sw</name>
         <value>0xfaf6</value>
         <object_component_ref idref="oc-268"/>
      </symbol>
      <symbol id="sm-3e5">
         <name>__mspabi_mpyl</name>
         <value>0xfaf6</value>
         <object_component_ref idref="oc-268"/>
      </symbol>
      <symbol id="sm-3f5">
         <name>_stack</name>
         <value>0x3b0</value>
         <object_component_ref idref="oc-b1"/>
      </symbol>
      <symbol id="sm-3f6">
         <name>_c_int00_noargs</name>
         <value>0xfb7c</value>
         <object_component_ref idref="oc-111"/>
      </symbol>
      <symbol id="sm-3f7">
         <name>_reset_vector</name>
         <value>0xfffe</value>
         <object_component_ref idref="oc-b4"/>
      </symbol>
      <symbol id="sm-419">
         <name>__TI_auto_init_nobinit_nopinit</name>
         <value>0xf828</value>
         <object_component_ref idref="oc-22b"/>
      </symbol>
      <symbol id="sm-431">
         <name>__TI_zero_init_nomemset</name>
         <value>0xfc20</value>
         <object_component_ref idref="oc-ff"/>
      </symbol>
      <symbol id="sm-440">
         <name>__mspabi_srlll</name>
         <value>0xf75a</value>
         <object_component_ref idref="oc-4da"/>
      </symbol>
      <symbol id="sm-449">
         <name>_system_pre_init</name>
         <value>0xfd5c</value>
         <object_component_ref idref="oc-168"/>
      </symbol>
      <symbol id="sm-452">
         <name>_system_post_cinit</name>
         <value>0xfd60</value>
         <object_component_ref idref="oc-326"/>
      </symbol>
      <symbol id="sm-468">
         <name>__TI_decompress_none</name>
         <value>0xfc6e</value>
         <object_component_ref idref="oc-3a"/>
      </symbol>
      <symbol id="sm-48b">
         <name>__TI_decompress_lzss</name>
         <value>0xf2fe</value>
         <object_component_ref idref="oc-34"/>
      </symbol>
      <symbol id="sm-4a3">
         <name>__mspabi_cvtdf</name>
         <value>0xefd2</value>
         <object_component_ref idref="oc-2b0"/>
      </symbol>
      <symbol id="sm-4ca">
         <name>__mspabi_addd</name>
         <value>0xd1da</value>
         <object_component_ref idref="oc-2a4"/>
      </symbol>
      <symbol id="sm-4e4">
         <name>__mspabi_cmpd</name>
         <value>0xea00</value>
         <object_component_ref idref="oc-2c8"/>
      </symbol>
      <symbol id="sm-4f5">
         <name>__mspabi_cvtfd</name>
         <value>0xf37a</value>
         <object_component_ref idref="oc-2c2"/>
      </symbol>
      <symbol id="sm-516">
         <name>__mspabi_divd</name>
         <value>0xdedc</value>
         <object_component_ref idref="oc-27c"/>
      </symbol>
      <symbol id="sm-523">
         <name>__mspabi_fixdi</name>
         <value>0xfaa8</value>
         <object_component_ref idref="oc-282"/>
      </symbol>
      <symbol id="sm-532">
         <name>__mspabi_fixdli</name>
         <value>0xf3ec</value>
         <object_component_ref idref="oc-35d"/>
      </symbol>
      <symbol id="sm-53b">
         <name>__mspabi_fltid</name>
         <value>0xfd34</value>
         <object_component_ref idref="oc-28e"/>
      </symbol>
      <symbol id="sm-552">
         <name>__mspabi_fltlid</name>
         <value>0xee8a</value>
         <object_component_ref idref="oc-364"/>
      </symbol>
      <symbol id="sm-55b">
         <name>__mspabi_fltud</name>
         <value>0xfd50</value>
         <object_component_ref idref="oc-276"/>
      </symbol>
      <symbol id="sm-570">
         <name>__mspabi_fltuld</name>
         <value>0xf0e8</value>
         <object_component_ref idref="oc-349"/>
      </symbol>
      <symbol id="sm-591">
         <name>__TI_frcaddd</name>
         <value>0xdc7c</value>
         <object_component_ref idref="oc-37e"/>
      </symbol>
      <symbol id="sm-5ac">
         <name>__TI_frcdivd</name>
         <value>0xc682</value>
         <object_component_ref idref="oc-350"/>
      </symbol>
      <symbol id="sm-5ce">
         <name>__mspabi_mpyd</name>
         <value>0xda0e</value>
         <object_component_ref idref="oc-294"/>
      </symbol>
      <symbol id="sm-5e1">
         <name>__TI_renormd</name>
         <value>0xec60</value>
         <object_component_ref idref="oc-41d"/>
      </symbol>
      <symbol id="sm-5ea">
         <name>__mspabi_subd</name>
         <value>0xf9f6</value>
         <object_component_ref idref="oc-2aa"/>
      </symbol>
      <symbol id="sm-5f4">
         <name>C$$EXIT</name>
         <value>0xfd56</value>
         <object_component_ref idref="oc-21f"/>
      </symbol>
      <symbol id="sm-5f5">
         <name>abort</name>
         <value>0xfd56</value>
         <object_component_ref idref="oc-21f"/>
      </symbol>
      <symbol id="sm-622">
         <name>__localtime32</name>
         <value>0xe326</value>
         <object_component_ref idref="oc-3c8"/>
      </symbol>
      <symbol id="sm-623">
         <name>localtime</name>
         <value>0xe326</value>
         <object_component_ref idref="oc-3c8"/>
      </symbol>
      <symbol id="sm-631">
         <name>memcpy</name>
         <value>0xfc92</value>
         <object_component_ref idref="oc-cf"/>
      </symbol>
      <symbol id="sm-665">
         <name>mktime</name>
         <value>0xcafa</value>
         <object_component_ref idref="oc-446"/>
      </symbol>
      <symbol id="sm-666">
         <name>__mktime32</name>
         <value>0xcafa</value>
         <object_component_ref idref="oc-446"/>
      </symbol>
      <symbol id="sm-68e">
         <name>strtol</name>
         <value>0xe114</value>
         <object_component_ref idref="oc-3db"/>
      </symbol>
      <symbol id="sm-69d">
         <name>_tz</name>
         <value>0x228</value>
         <object_component_ref idref="oc-43b"/>
      </symbol>
      <symbol id="sm-6a9">
         <name>__mspabi_remli</name>
         <value>0xf86a</value>
         <object_component_ref idref="oc-43e"/>
      </symbol>
      <symbol id="sm-6aa">
         <name>__mspabi_divli</name>
         <value>0xf86a</value>
         <object_component_ref idref="oc-43e"/>
      </symbol>
      <symbol id="sm-6ba">
         <name>__mspabi_slll_9</name>
         <value>0xf900</value>
         <object_component_ref idref="oc-387"/>
      </symbol>
      <symbol id="sm-6bb">
         <name>__mspabi_slll_8</name>
         <value>0xf904</value>
         <object_component_ref idref="oc-387"/>
      </symbol>
      <symbol id="sm-6bc">
         <name>__mspabi_slll_7</name>
         <value>0xf908</value>
         <object_component_ref idref="oc-387"/>
      </symbol>
      <symbol id="sm-6bd">
         <name>__mspabi_slll_6</name>
         <value>0xf90c</value>
         <object_component_ref idref="oc-387"/>
      </symbol>
      <symbol id="sm-6be">
         <name>__mspabi_slll_5</name>
         <value>0xf910</value>
         <object_component_ref idref="oc-387"/>
      </symbol>
      <symbol id="sm-6bf">
         <name>__mspabi_slll_4</name>
         <value>0xf914</value>
         <object_component_ref idref="oc-387"/>
      </symbol>
      <symbol id="sm-6c0">
         <name>__mspabi_slll_3</name>
         <value>0xf918</value>
         <object_component_ref idref="oc-387"/>
      </symbol>
      <symbol id="sm-6c1">
         <name>__mspabi_slll_2</name>
         <value>0xf91c</value>
         <object_component_ref idref="oc-387"/>
      </symbol>
      <symbol id="sm-6c2">
         <name>__mspabi_slll_1</name>
         <value>0xf920</value>
         <object_component_ref idref="oc-387"/>
      </symbol>
      <symbol id="sm-6c3">
         <name>__mspabi_slll</name>
         <value>0xfcb4</value>
         <object_component_ref idref="oc-418"/>
      </symbol>
      <symbol id="sm-6c4">
         <name>__mspabi_slll_15</name>
         <value>0xf8e8</value>
         <object_component_ref idref="oc-387"/>
      </symbol>
      <symbol id="sm-6c5">
         <name>__mspabi_slll_14</name>
         <value>0xf8ec</value>
         <object_component_ref idref="oc-387"/>
      </symbol>
      <symbol id="sm-6c6">
         <name>__mspabi_slll_13</name>
         <value>0xf8f0</value>
         <object_component_ref idref="oc-387"/>
      </symbol>
      <symbol id="sm-6c7">
         <name>__mspabi_slll_12</name>
         <value>0xf8f4</value>
         <object_component_ref idref="oc-387"/>
      </symbol>
      <symbol id="sm-6c8">
         <name>__mspabi_slll_11</name>
         <value>0xf8f8</value>
         <object_component_ref idref="oc-387"/>
      </symbol>
      <symbol id="sm-6c9">
         <name>__mspabi_slll_10</name>
         <value>0xf8fc</value>
         <object_component_ref idref="oc-387"/>
      </symbol>
      <symbol id="sm-6d6">
         <name>__mspabi_remlli</name>
         <value>0xf4ce</value>
         <object_component_ref idref="oc-486"/>
      </symbol>
      <symbol id="sm-6e6">
         <name>__TI_frcmpyd</name>
         <value>0xd788</value>
         <object_component_ref idref="oc-370"/>
      </symbol>
      <symbol id="sm-6ed">
         <name>errno</name>
         <value>0x240</value>
         <object_component_ref idref="oc-458"/>
      </symbol>
      <symbol id="sm-6f7">
         <name>_ctypes_</name>
         <value>0xfd62</value>
         <object_component_ref idref="oc-455"/>
      </symbol>
      <symbol id="sm-6ff">
         <name>__mspabi_mpyll</name>
         <value>0xe8ec</value>
         <object_component_ref idref="oc-4a9"/>
      </symbol>
      <symbol id="sm-700">
         <name>__mspabi_mpyll_sw</name>
         <value>0xe8ec</value>
         <object_component_ref idref="oc-4a9"/>
      </symbol>
      <symbol id="sm-718">
         <name>__mspabi_divlli</name>
         <value>0xe672</value>
         <object_component_ref idref="oc-4a3"/>
      </symbol>
      <symbol id="sm-74b">
         <name>__mspabi_divull</name>
         <value>0xce7a</value>
         <object_component_ref idref="oc-4c2"/>
      </symbol>
      <symbol id="sm-755">
         <name>llabs</name>
         <value>0xfbe0</value>
         <object_component_ref idref="oc-4bc"/>
      </symbol>
      <symbol id="sm-760">
         <name>__mspabi_mpyul_sw</name>
         <value>0xfb1c</value>
         <object_component_ref idref="oc-4ca"/>
      </symbol>
      <symbol id="sm-761">
         <name>__mspabi_mpyul</name>
         <value>0xfb1c</value>
         <object_component_ref idref="oc-4ca"/>
      </symbol>
      <symbol id="sm-76e">
         <name>__mspabi_srall</name>
         <value>0xf67c</value>
         <object_component_ref idref="oc-4b6"/>
      </symbol>
      <symbol id="sm-77b">
         <name>__mspabi_sllll</name>
         <value>0xf7e4</value>
         <object_component_ref idref="oc-4d4"/>
      </symbol>
   </symbol_table>
   <title>Link successful</title>
</link_info>
