******************************************************************************
                  MSP430 Linker PC v18.1.3                     
******************************************************************************
>> Linked Tue Mar  3 22:04:21 2020

OUTPUT FILE NAME:   <Sensor_ajustado.out>
ENTRY POINT SYMBOL: "_c_int00_noargs"  address: 0000fb7c


MEMORY CONFIGURATION

         name            origin    length      used     unused   attr    fill
----------------------  --------  ---------  --------  --------  ----  --------
  SFR                   00000000   00000010  00000000  00000010  RWIX
  PERIPHERALS_8BIT      00000010   000000f0  00000000  000000f0  RWIX
  PERIPHERALS_16BIT     00000100   00000100  00000000  00000100  RWIX
  RAM                   00000200   00000200  000000ba  00000146  RWIX
  INFOD                 00001000   00000040  00000000  00000040  RWIX
  INFOC                 00001040   00000040  00000000  00000040  RWIX
  INFOB                 00001080   00000040  00000000  00000040  RWIX
  INFOA                 000010c0   00000040  00000000  00000040  RWIX
  FLASH                 0000c000   00003fde  00003fda  00000004  RWIX
  BSLSIGNATURE          0000ffde   00000002  00000002  00000000  RWIX  ffff 
  INT00                 0000ffe0   00000002  00000002  00000000  RWIX
  INT01                 0000ffe2   00000002  00000000  00000002  RWIX
  INT02                 0000ffe4   00000002  00000002  00000000  RWIX
  INT03                 0000ffe6   00000002  00000002  00000000  RWIX
  INT04                 0000ffe8   00000002  00000000  00000002  RWIX
  INT05                 0000ffea   00000002  00000002  00000000  RWIX
  INT06                 0000ffec   00000002  00000002  00000000  RWIX
  INT07                 0000ffee   00000002  00000002  00000000  RWIX
  INT08                 0000fff0   00000002  00000002  00000000  RWIX
  INT09                 0000fff2   00000002  00000002  00000000  RWIX
  INT10                 0000fff4   00000002  00000002  00000000  RWIX
  INT11                 0000fff6   00000002  00000002  00000000  RWIX
  INT12                 0000fff8   00000002  00000002  00000000  RWIX
  INT13                 0000fffa   00000002  00000002  00000000  RWIX
  INT14                 0000fffc   00000002  00000002  00000000  RWIX
  RESET                 0000fffe   00000002  00000002  00000000  RWIX


SECTION ALLOCATION MAP

 output                                  attributes/
section   page    origin      length       input sections
--------  ----  ----------  ----------   ----------------
.data      0    00000200    00000042     UNINITIALIZED
                  00000200    00000016     main.obj (.data)
                  00000216    00000012     rts430_eabi.lib : localtim.c.obj (.data:local_tm)
                  00000228    0000000e                     : tmzone.c.obj (.data:_tz)
                  00000236    0000000a     main.obj (.data:datos)
                  00000240    00000002     rts430_eabi.lib : errno.c.obj (.data)

.bss       0    00000242    00000028     UNINITIALIZED
                  00000242    00000012     (.common:ts)
                  00000254    0000000c     (.common:BUFFER_RX_UART)
                  00000260    00000004     (.common:FIELD_MAG_1)
                  00000264    00000004     (.common:FIELD_MAG_2)
                  00000268    00000002     (.common:res)

.stack     0    000003b0    00000050     UNINITIALIZED
                  000003b0    00000002     rts430_eabi.lib : boot.c.obj (.stack)
                  000003b2    0000004e     --HOLE--

.text      0    0000c000    00003d62     
                  0000c000    00000682     main.obj (.text:CALCULATE_MEASUREMENT)
                  0000c682    00000478     rts430_eabi.lib : frcdivd.c.obj (.text:__TI_frcdivd)
                  0000cafa    00000380                     : mktime.c.obj (.text:__mktime32)
                  0000ce7a    00000360                     : div64u.c.obj (.text:__mspabi_divull)
                  0000d1da    000002fa                     : addd.c.obj (.text:__mspabi_addd)
                  0000d4d4    000002b4                     : s_rint.c.obj (.text:rint)
                  0000d788    00000286                     : frcmpyd.c.obj (.text:__TI_frcmpyd)
                  0000da0e    0000026e                     : mpyd.c.obj (.text:__mspabi_mpyd)
                  0000dc7c    00000260                     : frcaddd.c.obj (.text:__TI_frcaddd)
                  0000dedc    00000238                     : divd.c.obj (.text:__mspabi_divd)
                  0000e114    00000212                     : strtol.c.obj (.text:strtol)
                  0000e326    000001bc                     : localtim.c.obj (.text:__localtime32)
                  0000e4e2    00000190     main.obj (.text:TX_RADIO_WISOL)
                  0000e672    00000148     rts430_eabi.lib : div64s.c.obj (.text:__mspabi_divlli)
                  0000e7ba    00000132                     : fs_add.asm.obj (.text)
                  0000e8ec    00000114                     : mult64.asm.obj (.text:__mpyll)
                  0000ea00    000000dc                     : cmpd.c.obj (.text:__mspabi_cmpd)
                  0000eadc    000000c4                     : fs_mpy.asm.obj (.text)
                  0000eba0    000000c0     main.obj (.text:PUT_SEQUENCE_AND_COUNTRY_UTC_NUMBER)
                  0000ec60    000000be     rts430_eabi.lib : renormd.c.obj (.text:__TI_renormd)
                  0000ed1e    000000b8     main.obj (.text:PUT_TIME)
                  0000edd6    000000b4     main.obj (.text:main)
                  0000ee8a    000000ac     rts430_eabi.lib : fltlid.c.obj (.text:__mspabi_fltlid)
                  0000ef36    0000009c                     : fs_div.asm.obj (.text)
                  0000efd2    0000008c                     : cvtdf.c.obj (.text:__mspabi_cvtdf)
                  0000f05e    0000008a     main.obj (.text:CHOICE_VALOR)
                  0000f0e8    0000008a     rts430_eabi.lib : fltuld.c.obj (.text:__mspabi_fltuld)
                  0000f172    00000088     main.obj (.text:CHECK_DISCONNECT)
                  0000f1fa    00000086     main.obj (.text:itoa)
                  0000f280    0000007e     main.obj (.text:CHECK_PERMISSIONS_TRANSMIT)
                  0000f2fe    0000007c     rts430_eabi.lib : copy_decompress_lzss.c.obj (.text:decompress:lzss:__TI_decompress_lzss)
                  0000f37a    00000072                     : cvtfd.c.obj (.text:__mspabi_cvtfd)
                  0000f3ec    00000072                     : fixdli.c.obj (.text:__mspabi_fixdli)
                  0000f45e    00000070     main.obj (.text:LOOP_RELIABILITY)
                  0000f4ce    0000005c     rts430_eabi.lib : rem64s.c.obj (.text:__mspabi_remlli)
                  0000f52a    0000005c                     : lsr32.asm.obj (.text:l_lsr_const)
                  0000f586    00000058                     : div32u.asm.obj (.text)
                  0000f5de    00000052     main.obj (.text:IntervalTimer)
                  0000f630    0000004c     rts430_eabi.lib : lsr16.asm.obj (.text)
                  0000f67c    0000004a                     : asr64.c.obj (.text:__mspabi_srall)
                  0000f6c6    0000004a                     : fs_cmp.asm.obj (.text)
                  0000f710    0000004a     main.obj (.text:voltOut)
                  0000f75a    00000046     rts430_eabi.lib : lsr64.c.obj (.text:__mspabi_srlll)
                  0000f7a0    00000044     main.obj (.text:USCI0RX_ISR)
                  0000f7e4    00000044     rts430_eabi.lib : lsl64.c.obj (.text:__mspabi_sllll)
                  0000f828    00000042                     : autoinit.c.obj (.text:__TI_auto_init_nobinit_nopinit:__TI_auto_init_nobinit_nopinit)
                  0000f86a    00000040                     : div32s.asm.obj (.text)
                  0000f8aa    0000003e                     : asr32.asm.obj (.text:l_asr_const)
                  0000f8e8    0000003e                     : lsl32.asm.obj (.text:l_lsl_const)
                  0000f926    00000036     main.obj (.text:LOOP_CONNECTION_OK_INIT)
                  0000f95c    00000036     rts430_eabi.lib : fs_itof.asm.obj (.text)
                  0000f992    00000032     main.obj (.text:UART_init)
                  0000f9c4    00000032     main.obj (.text:tempOut)
                  0000f9f6    0000002e     rts430_eabi.lib : subd.c.obj (.text:__mspabi_subd)
                  0000fa24    0000002c                     : asr16.asm.obj (.text)
                  0000fa50    0000002c                     : div16s.asm.obj (.text)
                  0000fa7c    0000002c                     : lsl16.asm.obj (.text)
                  0000faa8    00000028                     : fixdi.c.obj (.text:__mspabi_fixdi)
                  0000fad0    00000026     main.obj (.text:CHECK_RECEPTION_OK)
                  0000faf6    00000026     rts430_eabi.lib : mult32.asm.obj (.text)
                  0000fb1c    00000022                     : mult1632.asm.obj (.text:__mpyul)
                  0000fb3e    00000020     main.obj (.text:printLn)
                  0000fb5e    0000001e     main.obj (.text:SLEEP_WISOL_init)
                  0000fb7c    0000001c     rts430_eabi.lib : boot.c.obj (.text:_c_int00_noargs)
                  0000fb98    0000001a     main.obj (.text:delay_seg)
                  0000fbb2    00000018     main.obj (.text:gasOut2)
                  0000fbca    00000016     main.obj (.text:gasOut)
                  0000fbe0    00000016     rts430_eabi.lib : llabs.c.obj (.text:llabs)
                  0000fbf6    00000016                     : div16u.asm.obj (.text)
                  0000fc0c    00000014     main.obj (.text:TA1_init)
                  0000fc20    00000014     rts430_eabi.lib : copy_zero_init.c.obj (.text:decompress:ZI:__TI_zero_init_nomemset:__TI_zero_init_nomemset)
                  0000fc34    00000014     main.obj (.text:print)
                  0000fc48    00000014     rts430_eabi.lib : mult16.asm.obj (.text)
                  0000fc5c    00000012     main.obj (.text:MCLK_init)
                  0000fc6e    00000012     rts430_eabi.lib : copy_decompress_none.c.obj (.text:decompress:none:__TI_decompress_none)
                  0000fc80    00000012                     : lsr32.asm.obj (.text:l_lsr)
                  0000fc92    00000012                     : memcpy.c.obj (.text:memcpy)
                  0000fca4    00000010                     : asr32.asm.obj (.text:l_asr)
                  0000fcb4    00000010                     : lsl32.asm.obj (.text:l_lsl)
                  0000fcc4    00000010                     : epilog.asm.obj (.text)
                  0000fcd4    0000000e     main.obj (.text:ADC2_init)
                  0000fce2    0000000e     main.obj (.text:ADC_init)
                  0000fcf0    0000000e     main.obj (.text:GPIO_init)
                  0000fcfe    0000000e     main.obj (.text:adc10_interrupt)
                  0000fd0c    0000000e     main.obj (.text:temp_init)
                  0000fd1a    0000000e     main.obj (.text:volt_init)
                  0000fd28    0000000c     main.obj (.text:USCI0TX_ISR)
                  0000fd34    0000000c     rts430_eabi.lib : fltid.c.obj (.text:__mspabi_fltid)
                  0000fd40    00000008     main.obj (.text:Timer_A1)
                  0000fd48    00000008     rts430_eabi.lib : isr_trap.asm.obj (.text:_isr:__TI_ISR_TRAP)
                  0000fd50    00000006                     : fltud.c.obj (.text:__mspabi_fltud)
                  0000fd56    00000006                     : exit.c.obj (.text:abort)
                  0000fd5c    00000004                     : pre_init.c.obj (.text:_system_pre_init)
                  0000fd60    00000002                     : startup.c.obj (.text:_system_post_cinit)

.const     0    0000fd62    0000023e     
                  0000fd62    00000101     rts430_eabi.lib : ctype.c.obj (.const:.string:_ctypes_)
                  0000fe63    00000001     --HOLE-- [fill = 0]
                  0000fe64    00000068     main.obj (.const:.string)
                  0000fecc    00000048     main.obj (.const:$P$T1$2)
                  0000ff14    00000048     main.obj (.const:$P$T2$3)
                  0000ff5c    00000018     rts430_eabi.lib : mktime.c.obj (.const:mon_day)
                  0000ff74    00000018                     : mktime.c.obj (.const:mon_len)
                  0000ff8c    00000010                     : s_rint.c.obj (.const:TWO52)
                  0000ff9c    00000004     main.obj (.const:$P$T0$1)

.cinit     0    0000ffa0    0000003a     
                  0000ffa0    00000027     (.cinit..data.load) [load image, compression = lzss]
                  0000ffc7    00000001     --HOLE-- [fill = 0]
                  0000ffc8    00000006     (__TI_handler_table)
                  0000ffce    00000004     (.cinit..bss.load) [load image, compression = zero_init]
                  0000ffd2    00000008     (__TI_cinit_table)

.binit     0    0000c000    00000000     

.init_array 
*          0    0000c000    00000000     UNINITIALIZED

TRAPINT    0    0000ffe0    00000002     
                  0000ffe0    00000002     rts430_eabi.lib : int00.asm.obj (.int00)

PORT1      0    0000ffe4    00000002     
                  0000ffe4    00000002     rts430_eabi.lib : int02.asm.obj (.int02)

PORT2      0    0000ffe6    00000002     
                  0000ffe6    00000002     rts430_eabi.lib : int03.asm.obj (.int03)

ADC10      0    0000ffea    00000002     
                  0000ffea    00000002     main.obj (.int05)

USCIAB0TX 
*          0    0000ffec    00000002     
                  0000ffec    00000002     main.obj (.int06)

USCIAB0RX 
*          0    0000ffee    00000002     
                  0000ffee    00000002     main.obj (.int07)

TIMER0_A1 
*          0    0000fff0    00000002     
                  0000fff0    00000002     rts430_eabi.lib : int08.asm.obj (.int08)

TIMER0_A0 
*          0    0000fff2    00000002     
                  0000fff2    00000002     rts430_eabi.lib : int09.asm.obj (.int09)

WDT        0    0000fff4    00000002     
                  0000fff4    00000002     main.obj (.int10)

COMPARATORA 
*          0    0000fff6    00000002     
                  0000fff6    00000002     rts430_eabi.lib : int11.asm.obj (.int11)

TIMER1_A1 
*          0    0000fff8    00000002     
                  0000fff8    00000002     rts430_eabi.lib : int12.asm.obj (.int12)

TIMER1_A0 
*          0    0000fffa    00000002     
                  0000fffa    00000002     main.obj (.int13)

NMI        0    0000fffc    00000002     
                  0000fffc    00000002     rts430_eabi.lib : int14.asm.obj (.int14)

.reset     0    0000fffe    00000002     
                  0000fffe    00000002     rts430_eabi.lib : boot.c.obj (.reset)

$fill000   0    0000ffde    00000002     
                  0000ffde    00000002     --HOLE-- [fill = ffff]

MODULE SUMMARY

       Module                       code    ro data   rw data
       ------                       ----    -------   -------
    .\
       main.obj                     3980    262       72     
    +--+----------------------------+-------+---------+---------+
       Total:                       3980    262       72     
                                                             
    C:\ti\ccsv8\tools\compiler\ti-cgt-msp430_18.1.3.LTS\lib\rts430_eabi.lib
       frcdivd.c.obj                1144    0         0      
       mktime.c.obj                 896     48        0      
       div64u.c.obj                 864     0         0      
       addd.c.obj                   762     0         0      
       s_rint.c.obj                 692     16        0      
       frcmpyd.c.obj                646     0         0      
       mpyd.c.obj                   622     0         0      
       frcaddd.c.obj                608     0         0      
       divd.c.obj                   568     0         0      
       strtol.c.obj                 530     0         0      
       localtim.c.obj               444     0         18     
       div64s.c.obj                 328     0         0      
       fs_add.asm.obj               306     0         0      
       mult64.asm.obj               276     0         0      
       ctype.c.obj                  0       257       0      
       cmpd.c.obj                   220     0         0      
       fs_mpy.asm.obj               196     0         0      
       renormd.c.obj                190     0         0      
       fltlid.c.obj                 172     0         0      
       fs_div.asm.obj               156     0         0      
       cvtdf.c.obj                  140     0         0      
       fltuld.c.obj                 138     0         0      
       copy_decompress_lzss.c.obj   124     0         0      
       cvtfd.c.obj                  114     0         0      
       fixdli.c.obj                 114     0         0      
       lsr32.asm.obj                110     0         0      
       rem64s.c.obj                 92      0         0      
       div32u.asm.obj               88      0         0      
       asr32.asm.obj                78      0         0      
       lsl32.asm.obj                78      0         0      
       lsr16.asm.obj                76      0         0      
       asr64.c.obj                  74      0         0      
       fs_cmp.asm.obj               74      0         0      
       lsr64.c.obj                  70      0         0      
       lsl64.c.obj                  68      0         0      
       autoinit.c.obj               66      0         0      
       div32s.asm.obj               64      0         0      
       fs_itof.asm.obj              54      0         0      
       subd.c.obj                   46      0         0      
       asr16.asm.obj                44      0         0      
       div16s.asm.obj               44      0         0      
       lsl16.asm.obj                44      0         0      
       fixdi.c.obj                  40      0         0      
       mult32.asm.obj               38      0         0      
       mult1632.asm.obj             34      0         0      
       boot.c.obj                   28      2         0      
       div16u.asm.obj               22      0         0      
       llabs.c.obj                  22      0         0      
       copy_zero_init.c.obj         20      0         0      
       mult16.asm.obj               20      0         0      
       copy_decompress_none.c.obj   18      0         0      
       memcpy.c.obj                 18      0         0      
       epilog.asm.obj               16      0         0      
       tmzone.c.obj                 0       0         14     
       fltid.c.obj                  12      0         0      
       isr_trap.asm.obj             8       0         0      
       exit.c.obj                   6       0         0      
       fltud.c.obj                  6       0         0      
       pre_init.c.obj               4       0         0      
       errno.c.obj                  0       0         2      
       int00.asm.obj                0       2         0      
       int02.asm.obj                0       2         0      
       int03.asm.obj                0       2         0      
       int08.asm.obj                0       2         0      
       int09.asm.obj                0       2         0      
       int11.asm.obj                0       2         0      
       int12.asm.obj                0       2         0      
       int14.asm.obj                0       2         0      
       startup.c.obj                2       0         0      
    +--+----------------------------+-------+---------+---------+
       Total:                       11734   339       34     
                                                             
       Stack:                       0       0         80     
       Linker Generated:            0       57        0      
    +--+----------------------------+-------+---------+---------+
       Grand Total:                 15714   658       186    


LINKER GENERATED COPY TABLES

__TI_cinit_table @ 0000ffd2 records: 2, size/record: 4, table size: 8
	.data: load addr=0000ffa0, load size=00000027 bytes, run addr=00000200, run size=00000042 bytes, compression=lzss
	.bss: load addr=0000ffce, load size=00000004 bytes, run addr=00000242, run size=00000028 bytes, compression=zero_init


LINKER GENERATED HANDLER TABLE

__TI_handler_table @ 0000ffc8 records: 3, size/record: 2, table size: 6
	index: 0, handler: __TI_zero_init
	index: 1, handler: __TI_decompress_lzss
	index: 2, handler: __TI_decompress_none


GLOBAL SYMBOLS: SORTED ALPHABETICALLY BY Name 

address   name                               
-------   ----                               
0000004a  ADC10AE0                           
000001b0  ADC10CTL0                          
000001b2  ADC10CTL1                          
00000048  ADC10DTC0                          
00000049  ADC10DTC1                          
000001b4  ADC10MEM                           
000001bc  ADC10SA                            
0000fcd4  ADC2_init                          
0000fce2  ADC_init                           
00000057  BCSCTL1                            
00000058  BCSCTL2                            
00000053  BCSCTL3                            
00000254  BUFFER_RX_UART                     
0000fd56  C$$EXIT                            
00000059  CACTL1                             
0000005a  CACTL2                             
000010fb  CALBC1_12MHZ                       
000010f9  CALBC1_16MHZ                       
000010ff  CALBC1_1MHZ                        
000010fd  CALBC1_8MHZ                        
0000c000  CALCULATE_MEASUREMENT              
000010fa  CALDCO_12MHZ                       
000010f8  CALDCO_16MHZ                       
000010fe  CALDCO_1MHZ                        
000010fc  CALDCO_8MHZ                        
0000005b  CAPD                               
0000f172  CHECK_DISCONNECT                   
0000f280  CHECK_PERMISSIONS_TRANSMIT         
0000fad0  CHECK_RECEPTION_OK                 
0000f05e  CHOICE_VALOR                       
00000204  COUNTER_CHECK_STATE                
00000206  COUNTRY_UTC                        
00000056  DCOCTL                             
00000128  FCTL1                              
0000012a  FCTL2                              
0000012c  FCTL3                              
00000260  FIELD_MAG_1                        
00000264  FIELD_MAG_2                        
0000fcf0  GPIO_init                          
00000000  IE1                                
00000001  IE2                                
00000002  IFG1                               
00000003  IFG2                               
0000020a  INIT_SEQUENCE                      
0000f5de  IntervalTimer                      
0000f926  LOOP_CONNECTION_OK_INIT            
0000f45e  LOOP_RELIABILITY                   
0000fc5c  MCLK_init                          
00000202  MINUTES                            
0000020c  NUM_ATTEMPTS                       
00000022  P1DIR                              
00000025  P1IE                               
00000024  P1IES                              
00000023  P1IFG                              
00000020  P1IN                               
00000021  P1OUT                              
00000027  P1REN                              
00000026  P1SEL                              
00000041  P1SEL2                             
0000002a  P2DIR                              
0000002d  P2IE                               
0000002c  P2IES                              
0000002b  P2IFG                              
00000028  P2IN                               
00000029  P2OUT                              
0000002f  P2REN                              
0000002e  P2SEL                              
00000042  P2SEL2                             
0000001a  P3DIR                              
00000018  P3IN                               
00000019  P3OUT                              
00000010  P3REN                              
0000001b  P3SEL                              
00000043  P3SEL2                             
00000210  POINTER_UART_RECEPTION             
0000eba0  PUT_SEQUENCE_AND_COUNTRY_UTC_NUMBER
0000ed1e  PUT_TIME                           
00000200  SECONDS                            
00000208  SLEEP_WISOL                        
0000fb5e  SLEEP_WISOL_init                   
00000172  TA0CCR0                            
00000174  TA0CCR1                            
00000176  TA0CCR2                            
00000162  TA0CCTL0                           
00000164  TA0CCTL1                           
00000166  TA0CCTL2                           
00000160  TA0CTL                             
0000012e  TA0IV                              
00000170  TA0R                               
00000192  TA1CCR0                            
00000194  TA1CCR1                            
00000196  TA1CCR2                            
00000182  TA1CCTL0                           
00000184  TA1CCTL1                           
00000186  TA1CCTL2                           
00000180  TA1CTL                             
0000011e  TA1IV                              
00000190  TA1R                               
0000fc0c  TA1_init                           
000010db  TLV_ADC10_1_LEN                    
000010da  TLV_ADC10_1_TAG                    
000010c0  TLV_CHECKSUM                       
000010f7  TLV_DCO_30_LEN                     
000010f6  TLV_DCO_30_TAG                     
0000e4e2  TX_RADIO_WISOL                     
0000fd40  Timer_A1                           
0000020e  UART_RECEPTION                     
0000f992  UART_init                          
0000005d  UCA0ABCTL                          
00000062  UCA0BR0                            
00000063  UCA0BR1                            
00000060  UCA0CTL0                           
00000061  UCA0CTL1                           
0000005f  UCA0IRRCTL                         
0000005e  UCA0IRTCTL                         
00000064  UCA0MCTL                           
00000066  UCA0RXBUF                          
00000065  UCA0STAT                           
00000067  UCA0TXBUF                          
0000006a  UCB0BR0                            
0000006b  UCB0BR1                            
00000068  UCB0CTL0                           
00000069  UCB0CTL1                           
0000006c  UCB0I2CIE                          
00000118  UCB0I2COA                          
0000011a  UCB0I2CSA                          
0000006e  UCB0RXBUF                          
0000006d  UCB0STAT                           
0000006f  UCB0TXBUF                          
0000f7a0  USCI0RX_ISR                        
0000fd28  USCI0TX_ISR                        
00000120  WDTCTL                             
00000400  __STACK_END                        
00000050  __STACK_SIZE                       
0000ffd2  __TI_CINIT_Base                    
0000ffda  __TI_CINIT_Limit                   
0000ffc8  __TI_Handler_Table_Base            
0000ffce  __TI_Handler_Table_Limit           
0000fd48  __TI_ISR_TRAP                      
0000f828  __TI_auto_init_nobinit_nopinit     
0000f2fe  __TI_decompress_lzss               
0000fc6e  __TI_decompress_none               
0000dc7c  __TI_frcaddd                       
0000c682  __TI_frcdivd                       
0000d788  __TI_frcmpyd                       
0000ffe0  __TI_int00                         
0000ffe4  __TI_int02                         
0000ffe6  __TI_int03                         
0000ffea  __TI_int05                         
0000ffec  __TI_int06                         
0000ffee  __TI_int07                         
0000fff0  __TI_int08                         
0000fff2  __TI_int09                         
0000fff4  __TI_int10                         
0000fff6  __TI_int11                         
0000fff8  __TI_int12                         
0000fffa  __TI_int13                         
0000fffc  __TI_int14                         
ffffffff  __TI_pprof_out_hndl                
ffffffff  __TI_prof_data_size                
ffffffff  __TI_prof_data_start               
0000ec60  __TI_renormd                       
0000fc20  __TI_zero_init_nomemset            
ffffffff  __c_args__                         
0000e326  __localtime32                      
0000cafa  __mktime32                         
0000d1da  __mspabi_addd                      
0000e7c0  __mspabi_addf                      
0000ea00  __mspabi_cmpd                      
0000f6c6  __mspabi_cmpf                      
0000efd2  __mspabi_cvtdf                     
0000f37a  __mspabi_cvtfd                     
0000dedc  __mspabi_divd                      
0000ef36  __mspabi_divf                      
0000fa50  __mspabi_divi                      
0000f86a  __mspabi_divli                     
0000e672  __mspabi_divlli                    
0000fbf6  __mspabi_divu                      
0000f586  __mspabi_divul                     
0000ce7a  __mspabi_divull                    
0000faa8  __mspabi_fixdi                     
0000f3ec  __mspabi_fixdli                    
0000fd34  __mspabi_fltid                     
0000f95c  __mspabi_fltif                     
0000ee8a  __mspabi_fltlid                    
0000fd50  __mspabi_fltud                     
0000f0e8  __mspabi_fltuld                    
0000fcd0  __mspabi_func_epilog_1             
0000fcce  __mspabi_func_epilog_2             
0000fccc  __mspabi_func_epilog_3             
0000fcca  __mspabi_func_epilog_4             
0000fcc8  __mspabi_func_epilog_5             
0000fcc6  __mspabi_func_epilog_6             
0000fcc4  __mspabi_func_epilog_7             
0000da0e  __mspabi_mpyd                      
0000eadc  __mspabi_mpyf                      
0000fc48  __mspabi_mpyi                      
0000fc48  __mspabi_mpyi_sw                   
0000faf6  __mspabi_mpyl                      
0000faf6  __mspabi_mpyl_sw                   
0000e8ec  __mspabi_mpyll                     
0000e8ec  __mspabi_mpyll_sw                  
0000fb1c  __mspabi_mpyul                     
0000fb1c  __mspabi_mpyul_sw                  
0000fa50  __mspabi_remi                      
0000f86a  __mspabi_remli                     
0000f4ce  __mspabi_remlli                    
0000fbf6  __mspabi_remu                      
0000f586  __mspabi_remul                     
0000fa7c  __mspabi_slli                      
0000faa4  __mspabi_slli_1                    
0000fa92  __mspabi_slli_10                   
0000fa90  __mspabi_slli_11                   
0000fa8e  __mspabi_slli_12                   
0000fa8c  __mspabi_slli_13                   
0000fa8a  __mspabi_slli_14                   
0000fa88  __mspabi_slli_15                   
0000faa2  __mspabi_slli_2                    
0000faa0  __mspabi_slli_3                    
0000fa9e  __mspabi_slli_4                    
0000fa9c  __mspabi_slli_5                    
0000fa9a  __mspabi_slli_6                    
0000fa98  __mspabi_slli_7                    
0000fa96  __mspabi_slli_8                    
0000fa94  __mspabi_slli_9                    
0000fcb4  __mspabi_slll                      
0000f920  __mspabi_slll_1                    
0000f8fc  __mspabi_slll_10                   
0000f8f8  __mspabi_slll_11                   
0000f8f4  __mspabi_slll_12                   
0000f8f0  __mspabi_slll_13                   
0000f8ec  __mspabi_slll_14                   
0000f8e8  __mspabi_slll_15                   
0000f91c  __mspabi_slll_2                    
0000f918  __mspabi_slll_3                    
0000f914  __mspabi_slll_4                    
0000f910  __mspabi_slll_5                    
0000f90c  __mspabi_slll_6                    
0000f908  __mspabi_slll_7                    
0000f904  __mspabi_slll_8                    
0000f900  __mspabi_slll_9                    
0000f7e4  __mspabi_sllll                     
0000fa24  __mspabi_srai                      
0000fa4c  __mspabi_srai_1                    
0000fa3a  __mspabi_srai_10                   
0000fa38  __mspabi_srai_11                   
0000fa36  __mspabi_srai_12                   
0000fa34  __mspabi_srai_13                   
0000fa32  __mspabi_srai_14                   
0000fa30  __mspabi_srai_15                   
0000fa4a  __mspabi_srai_2                    
0000fa48  __mspabi_srai_3                    
0000fa46  __mspabi_srai_4                    
0000fa44  __mspabi_srai_5                    
0000fa42  __mspabi_srai_6                    
0000fa40  __mspabi_srai_7                    
0000fa3e  __mspabi_srai_8                    
0000fa3c  __mspabi_srai_9                    
0000fca4  __mspabi_sral                      
0000f8e2  __mspabi_sral_1                    
0000f8be  __mspabi_sral_10                   
0000f8ba  __mspabi_sral_11                   
0000f8b6  __mspabi_sral_12                   
0000f8b2  __mspabi_sral_13                   
0000f8ae  __mspabi_sral_14                   
0000f8aa  __mspabi_sral_15                   
0000f8de  __mspabi_sral_2                    
0000f8da  __mspabi_sral_3                    
0000f8d6  __mspabi_sral_4                    
0000f8d2  __mspabi_sral_5                    
0000f8ce  __mspabi_sral_6                    
0000f8ca  __mspabi_sral_7                    
0000f8c6  __mspabi_sral_8                    
0000f8c2  __mspabi_sral_9                    
0000f67c  __mspabi_srall                     
0000f630  __mspabi_srli                      
0000f676  __mspabi_srli_1                    
0000f652  __mspabi_srli_10                   
0000f64e  __mspabi_srli_11                   
0000f64a  __mspabi_srli_12                   
0000f646  __mspabi_srli_13                   
0000f642  __mspabi_srli_14                   
0000f63e  __mspabi_srli_15                   
0000f672  __mspabi_srli_2                    
0000f66e  __mspabi_srli_3                    
0000f66a  __mspabi_srli_4                    
0000f666  __mspabi_srli_5                    
0000f662  __mspabi_srli_6                    
0000f65e  __mspabi_srli_7                    
0000f65a  __mspabi_srli_8                    
0000f656  __mspabi_srli_9                    
0000fc80  __mspabi_srll                      
0000f57e  __mspabi_srll_1                    
0000f548  __mspabi_srll_10                   
0000f542  __mspabi_srll_11                   
0000f53c  __mspabi_srll_12                   
0000f536  __mspabi_srll_13                   
0000f530  __mspabi_srll_14                   
0000f52a  __mspabi_srll_15                   
0000f578  __mspabi_srll_2                    
0000f572  __mspabi_srll_3                    
0000f56c  __mspabi_srll_4                    
0000f566  __mspabi_srll_5                    
0000f560  __mspabi_srll_6                    
0000f55a  __mspabi_srll_7                    
0000f554  __mspabi_srll_8                    
0000f54e  __mspabi_srll_9                    
0000f75a  __mspabi_srlll                     
0000f9f6  __mspabi_subd                      
0000e7ba  __mspabi_subf                      
0000fb7c  _c_int00_noargs                    
0000fd62  _ctypes_                           
0000fffe  _reset_vector                      
000003b0  _stack                             
0000fd60  _system_post_cinit                 
0000fd5c  _system_pre_init                   
00000228  _tz                                
0000fd56  abort                              
0000fcfe  adc10_interrupt                    
00000236  datos                              
0000fb98  delay_seg                          
00000240  errno                              
0000fbca  gasOut                             
0000fbb2  gasOut2                            
0000f1fa  itoa                               
0000fbe0  llabs                              
0000e326  localtime                          
0000edd6  main                               
0000fc92  memcpy                             
0000cafa  mktime                             
00000212  number                             
0000fc34  print                              
0000fb3e  printLn                            
00000268  res                                
0000d4d4  rint                               
0000d4d4  rintl                              
0000e114  strtol                             
0000f9c4  tempOut                            
0000fd0c  temp_init                          
00000242  ts                                 
0000f710  voltOut                            
0000fd1a  volt_init                          


GLOBAL SYMBOLS: SORTED BY Symbol Address 

address   name                               
-------   ----                               
00000000  IE1                                
00000001  IE2                                
00000002  IFG1                               
00000003  IFG2                               
00000010  P3REN                              
00000018  P3IN                               
00000019  P3OUT                              
0000001a  P3DIR                              
0000001b  P3SEL                              
00000020  P1IN                               
00000021  P1OUT                              
00000022  P1DIR                              
00000023  P1IFG                              
00000024  P1IES                              
00000025  P1IE                               
00000026  P1SEL                              
00000027  P1REN                              
00000028  P2IN                               
00000029  P2OUT                              
0000002a  P2DIR                              
0000002b  P2IFG                              
0000002c  P2IES                              
0000002d  P2IE                               
0000002e  P2SEL                              
0000002f  P2REN                              
00000041  P1SEL2                             
00000042  P2SEL2                             
00000043  P3SEL2                             
00000048  ADC10DTC0                          
00000049  ADC10DTC1                          
0000004a  ADC10AE0                           
00000050  __STACK_SIZE                       
00000053  BCSCTL3                            
00000056  DCOCTL                             
00000057  BCSCTL1                            
00000058  BCSCTL2                            
00000059  CACTL1                             
0000005a  CACTL2                             
0000005b  CAPD                               
0000005d  UCA0ABCTL                          
0000005e  UCA0IRTCTL                         
0000005f  UCA0IRRCTL                         
00000060  UCA0CTL0                           
00000061  UCA0CTL1                           
00000062  UCA0BR0                            
00000063  UCA0BR1                            
00000064  UCA0MCTL                           
00000065  UCA0STAT                           
00000066  UCA0RXBUF                          
00000067  UCA0TXBUF                          
00000068  UCB0CTL0                           
00000069  UCB0CTL1                           
0000006a  UCB0BR0                            
0000006b  UCB0BR1                            
0000006c  UCB0I2CIE                          
0000006d  UCB0STAT                           
0000006e  UCB0RXBUF                          
0000006f  UCB0TXBUF                          
00000118  UCB0I2COA                          
0000011a  UCB0I2CSA                          
0000011e  TA1IV                              
00000120  WDTCTL                             
00000128  FCTL1                              
0000012a  FCTL2                              
0000012c  FCTL3                              
0000012e  TA0IV                              
00000160  TA0CTL                             
00000162  TA0CCTL0                           
00000164  TA0CCTL1                           
00000166  TA0CCTL2                           
00000170  TA0R                               
00000172  TA0CCR0                            
00000174  TA0CCR1                            
00000176  TA0CCR2                            
00000180  TA1CTL                             
00000182  TA1CCTL0                           
00000184  TA1CCTL1                           
00000186  TA1CCTL2                           
00000190  TA1R                               
00000192  TA1CCR0                            
00000194  TA1CCR1                            
00000196  TA1CCR2                            
000001b0  ADC10CTL0                          
000001b2  ADC10CTL1                          
000001b4  ADC10MEM                           
000001bc  ADC10SA                            
00000200  SECONDS                            
00000202  MINUTES                            
00000204  COUNTER_CHECK_STATE                
00000206  COUNTRY_UTC                        
00000208  SLEEP_WISOL                        
0000020a  INIT_SEQUENCE                      
0000020c  NUM_ATTEMPTS                       
0000020e  UART_RECEPTION                     
00000210  POINTER_UART_RECEPTION             
00000212  number                             
00000228  _tz                                
00000236  datos                              
00000240  errno                              
00000242  ts                                 
00000254  BUFFER_RX_UART                     
00000260  FIELD_MAG_1                        
00000264  FIELD_MAG_2                        
00000268  res                                
000003b0  _stack                             
00000400  __STACK_END                        
000010c0  TLV_CHECKSUM                       
000010da  TLV_ADC10_1_TAG                    
000010db  TLV_ADC10_1_LEN                    
000010f6  TLV_DCO_30_TAG                     
000010f7  TLV_DCO_30_LEN                     
000010f8  CALDCO_16MHZ                       
000010f9  CALBC1_16MHZ                       
000010fa  CALDCO_12MHZ                       
000010fb  CALBC1_12MHZ                       
000010fc  CALDCO_8MHZ                        
000010fd  CALBC1_8MHZ                        
000010fe  CALDCO_1MHZ                        
000010ff  CALBC1_1MHZ                        
0000c000  CALCULATE_MEASUREMENT              
0000c682  __TI_frcdivd                       
0000cafa  __mktime32                         
0000cafa  mktime                             
0000ce7a  __mspabi_divull                    
0000d1da  __mspabi_addd                      
0000d4d4  rint                               
0000d4d4  rintl                              
0000d788  __TI_frcmpyd                       
0000da0e  __mspabi_mpyd                      
0000dc7c  __TI_frcaddd                       
0000dedc  __mspabi_divd                      
0000e114  strtol                             
0000e326  __localtime32                      
0000e326  localtime                          
0000e4e2  TX_RADIO_WISOL                     
0000e672  __mspabi_divlli                    
0000e7ba  __mspabi_subf                      
0000e7c0  __mspabi_addf                      
0000e8ec  __mspabi_mpyll                     
0000e8ec  __mspabi_mpyll_sw                  
0000ea00  __mspabi_cmpd                      
0000eadc  __mspabi_mpyf                      
0000eba0  PUT_SEQUENCE_AND_COUNTRY_UTC_NUMBER
0000ec60  __TI_renormd                       
0000ed1e  PUT_TIME                           
0000edd6  main                               
0000ee8a  __mspabi_fltlid                    
0000ef36  __mspabi_divf                      
0000efd2  __mspabi_cvtdf                     
0000f05e  CHOICE_VALOR                       
0000f0e8  __mspabi_fltuld                    
0000f172  CHECK_DISCONNECT                   
0000f1fa  itoa                               
0000f280  CHECK_PERMISSIONS_TRANSMIT         
0000f2fe  __TI_decompress_lzss               
0000f37a  __mspabi_cvtfd                     
0000f3ec  __mspabi_fixdli                    
0000f45e  LOOP_RELIABILITY                   
0000f4ce  __mspabi_remlli                    
0000f52a  __mspabi_srll_15                   
0000f530  __mspabi_srll_14                   
0000f536  __mspabi_srll_13                   
0000f53c  __mspabi_srll_12                   
0000f542  __mspabi_srll_11                   
0000f548  __mspabi_srll_10                   
0000f54e  __mspabi_srll_9                    
0000f554  __mspabi_srll_8                    
0000f55a  __mspabi_srll_7                    
0000f560  __mspabi_srll_6                    
0000f566  __mspabi_srll_5                    
0000f56c  __mspabi_srll_4                    
0000f572  __mspabi_srll_3                    
0000f578  __mspabi_srll_2                    
0000f57e  __mspabi_srll_1                    
0000f586  __mspabi_divul                     
0000f586  __mspabi_remul                     
0000f5de  IntervalTimer                      
0000f630  __mspabi_srli                      
0000f63e  __mspabi_srli_15                   
0000f642  __mspabi_srli_14                   
0000f646  __mspabi_srli_13                   
0000f64a  __mspabi_srli_12                   
0000f64e  __mspabi_srli_11                   
0000f652  __mspabi_srli_10                   
0000f656  __mspabi_srli_9                    
0000f65a  __mspabi_srli_8                    
0000f65e  __mspabi_srli_7                    
0000f662  __mspabi_srli_6                    
0000f666  __mspabi_srli_5                    
0000f66a  __mspabi_srli_4                    
0000f66e  __mspabi_srli_3                    
0000f672  __mspabi_srli_2                    
0000f676  __mspabi_srli_1                    
0000f67c  __mspabi_srall                     
0000f6c6  __mspabi_cmpf                      
0000f710  voltOut                            
0000f75a  __mspabi_srlll                     
0000f7a0  USCI0RX_ISR                        
0000f7e4  __mspabi_sllll                     
0000f828  __TI_auto_init_nobinit_nopinit     
0000f86a  __mspabi_divli                     
0000f86a  __mspabi_remli                     
0000f8aa  __mspabi_sral_15                   
0000f8ae  __mspabi_sral_14                   
0000f8b2  __mspabi_sral_13                   
0000f8b6  __mspabi_sral_12                   
0000f8ba  __mspabi_sral_11                   
0000f8be  __mspabi_sral_10                   
0000f8c2  __mspabi_sral_9                    
0000f8c6  __mspabi_sral_8                    
0000f8ca  __mspabi_sral_7                    
0000f8ce  __mspabi_sral_6                    
0000f8d2  __mspabi_sral_5                    
0000f8d6  __mspabi_sral_4                    
0000f8da  __mspabi_sral_3                    
0000f8de  __mspabi_sral_2                    
0000f8e2  __mspabi_sral_1                    
0000f8e8  __mspabi_slll_15                   
0000f8ec  __mspabi_slll_14                   
0000f8f0  __mspabi_slll_13                   
0000f8f4  __mspabi_slll_12                   
0000f8f8  __mspabi_slll_11                   
0000f8fc  __mspabi_slll_10                   
0000f900  __mspabi_slll_9                    
0000f904  __mspabi_slll_8                    
0000f908  __mspabi_slll_7                    
0000f90c  __mspabi_slll_6                    
0000f910  __mspabi_slll_5                    
0000f914  __mspabi_slll_4                    
0000f918  __mspabi_slll_3                    
0000f91c  __mspabi_slll_2                    
0000f920  __mspabi_slll_1                    
0000f926  LOOP_CONNECTION_OK_INIT            
0000f95c  __mspabi_fltif                     
0000f992  UART_init                          
0000f9c4  tempOut                            
0000f9f6  __mspabi_subd                      
0000fa24  __mspabi_srai                      
0000fa30  __mspabi_srai_15                   
0000fa32  __mspabi_srai_14                   
0000fa34  __mspabi_srai_13                   
0000fa36  __mspabi_srai_12                   
0000fa38  __mspabi_srai_11                   
0000fa3a  __mspabi_srai_10                   
0000fa3c  __mspabi_srai_9                    
0000fa3e  __mspabi_srai_8                    
0000fa40  __mspabi_srai_7                    
0000fa42  __mspabi_srai_6                    
0000fa44  __mspabi_srai_5                    
0000fa46  __mspabi_srai_4                    
0000fa48  __mspabi_srai_3                    
0000fa4a  __mspabi_srai_2                    
0000fa4c  __mspabi_srai_1                    
0000fa50  __mspabi_divi                      
0000fa50  __mspabi_remi                      
0000fa7c  __mspabi_slli                      
0000fa88  __mspabi_slli_15                   
0000fa8a  __mspabi_slli_14                   
0000fa8c  __mspabi_slli_13                   
0000fa8e  __mspabi_slli_12                   
0000fa90  __mspabi_slli_11                   
0000fa92  __mspabi_slli_10                   
0000fa94  __mspabi_slli_9                    
0000fa96  __mspabi_slli_8                    
0000fa98  __mspabi_slli_7                    
0000fa9a  __mspabi_slli_6                    
0000fa9c  __mspabi_slli_5                    
0000fa9e  __mspabi_slli_4                    
0000faa0  __mspabi_slli_3                    
0000faa2  __mspabi_slli_2                    
0000faa4  __mspabi_slli_1                    
0000faa8  __mspabi_fixdi                     
0000fad0  CHECK_RECEPTION_OK                 
0000faf6  __mspabi_mpyl                      
0000faf6  __mspabi_mpyl_sw                   
0000fb1c  __mspabi_mpyul                     
0000fb1c  __mspabi_mpyul_sw                  
0000fb3e  printLn                            
0000fb5e  SLEEP_WISOL_init                   
0000fb7c  _c_int00_noargs                    
0000fb98  delay_seg                          
0000fbb2  gasOut2                            
0000fbca  gasOut                             
0000fbe0  llabs                              
0000fbf6  __mspabi_divu                      
0000fbf6  __mspabi_remu                      
0000fc0c  TA1_init                           
0000fc20  __TI_zero_init_nomemset            
0000fc34  print                              
0000fc48  __mspabi_mpyi                      
0000fc48  __mspabi_mpyi_sw                   
0000fc5c  MCLK_init                          
0000fc6e  __TI_decompress_none               
0000fc80  __mspabi_srll                      
0000fc92  memcpy                             
0000fca4  __mspabi_sral                      
0000fcb4  __mspabi_slll                      
0000fcc4  __mspabi_func_epilog_7             
0000fcc6  __mspabi_func_epilog_6             
0000fcc8  __mspabi_func_epilog_5             
0000fcca  __mspabi_func_epilog_4             
0000fccc  __mspabi_func_epilog_3             
0000fcce  __mspabi_func_epilog_2             
0000fcd0  __mspabi_func_epilog_1             
0000fcd4  ADC2_init                          
0000fce2  ADC_init                           
0000fcf0  GPIO_init                          
0000fcfe  adc10_interrupt                    
0000fd0c  temp_init                          
0000fd1a  volt_init                          
0000fd28  USCI0TX_ISR                        
0000fd34  __mspabi_fltid                     
0000fd40  Timer_A1                           
0000fd48  __TI_ISR_TRAP                      
0000fd50  __mspabi_fltud                     
0000fd56  C$$EXIT                            
0000fd56  abort                              
0000fd5c  _system_pre_init                   
0000fd60  _system_post_cinit                 
0000fd62  _ctypes_                           
0000ffc8  __TI_Handler_Table_Base            
0000ffce  __TI_Handler_Table_Limit           
0000ffd2  __TI_CINIT_Base                    
0000ffda  __TI_CINIT_Limit                   
0000ffe0  __TI_int00                         
0000ffe4  __TI_int02                         
0000ffe6  __TI_int03                         
0000ffea  __TI_int05                         
0000ffec  __TI_int06                         
0000ffee  __TI_int07                         
0000fff0  __TI_int08                         
0000fff2  __TI_int09                         
0000fff4  __TI_int10                         
0000fff6  __TI_int11                         
0000fff8  __TI_int12                         
0000fffa  __TI_int13                         
0000fffc  __TI_int14                         
0000fffe  _reset_vector                      
ffffffff  __TI_pprof_out_hndl                
ffffffff  __TI_prof_data_size                
ffffffff  __TI_prof_data_start               
ffffffff  __c_args__                         

[342 symbols]
